Component: ARM Compiler 5.06 update 6 (build 750) Tool: armlink [4d35ed]

==============================================================================

Section Cross References

    startup_stm32f10x_hd.o(RESET) refers to startup_stm32f10x_hd.o(STACK) for __initial_sp
    startup_stm32f10x_hd.o(RESET) refers to startup_stm32f10x_hd.o(.text) for Reset_Handler
    startup_stm32f10x_hd.o(RESET) refers to stm32f10x_it.o(i.NMI_Handler) for NMI_Handler
    startup_stm32f10x_hd.o(RESET) refers to stm32f10x_it.o(i.HardFault_Handler) for HardFault_Handler
    startup_stm32f10x_hd.o(RESET) refers to stm32f10x_it.o(i.MemManage_Handler) for MemManage_Handler
    startup_stm32f10x_hd.o(RESET) refers to stm32f10x_it.o(i.BusFault_Handler) for BusFault_Handler
    startup_stm32f10x_hd.o(RESET) refers to stm32f10x_it.o(i.UsageFault_Handler) for UsageFault_Handler
    startup_stm32f10x_hd.o(RESET) refers to stm32f10x_it.o(i.SVC_Handler) for SVC_Handler
    startup_stm32f10x_hd.o(RESET) refers to stm32f10x_it.o(i.DebugMon_Handler) for DebugMon_Handler
    startup_stm32f10x_hd.o(RESET) refers to stm32f10x_it.o(i.PendSV_Handler) for PendSV_Handler
    startup_stm32f10x_hd.o(RESET) refers to stm32f10x_it.o(i.SysTick_Handler) for SysTick_Handler
    startup_stm32f10x_hd.o(RESET) refers to timer.o(i.TIM1_UP_IRQHandler) for TIM1_UP_IRQHandler
    startup_stm32f10x_hd.o(RESET) refers to timer.o(i.TIM2_IRQHandler) for TIM2_IRQHandler
    startup_stm32f10x_hd.o(RESET) refers to timer.o(i.TIM3_IRQHandler) for TIM3_IRQHandler
    startup_stm32f10x_hd.o(RESET) refers to usart.o(i.USART1_IRQHandler) for USART1_IRQHandler
    startup_stm32f10x_hd.o(RESET) refers to esp8266.o(i.USART2_IRQHandler) for USART2_IRQHandler
    startup_stm32f10x_hd.o(.text) refers to system_stm32f10x.o(i.SystemInit) for SystemInit
    startup_stm32f10x_hd.o(.text) refers to entry.o(.ARM.Collect$$$$00000000) for __main
    led.o(i.LED_Init) refers to stm32f10x_rcc.o(i.RCC_APB2PeriphClockCmd) for RCC_APB2PeriphClockCmd
    led.o(i.LED_Init) refers to stm32f10x_gpio.o(i.GPIO_Init) for GPIO_Init
    led.o(i.LED_Init) refers to stm32f10x_gpio.o(i.GPIO_SetBits) for GPIO_SetBits
    led.o(i.LED_White_OFF) refers to stm32f10x_gpio.o(i.GPIO_SetBits) for GPIO_SetBits
    led.o(i.LED_White_ON) refers to stm32f10x_gpio.o(i.GPIO_ResetBits) for GPIO_ResetBits
    beep.o(i.BEEP_Init) refers to stm32f10x_rcc.o(i.RCC_APB2PeriphClockCmd) for RCC_APB2PeriphClockCmd
    beep.o(i.BEEP_Init) refers to stm32f10x_gpio.o(i.GPIO_Init) for GPIO_Init
    beep.o(i.BEEP_Init) refers to stm32f10x_gpio.o(i.GPIO_SetBits) for GPIO_SetBits
    adc.o(i.Get_Adc_Average) refers to adc.o(i.T_Get_Adc) for T_Get_Adc
    adc.o(i.Get_Adc_Average) refers to delay.o(i.delay_ms) for delay_ms
    adc.o(i.Get_Adc_Average) refers to ffltui.o(.text) for __aeabi_ui2f
    adc.o(i.Get_Adc_Average) refers to fadd.o(.text) for __aeabi_fsub
    adc.o(i.Get_Adc_Average) refers to fdiv.o(.text) for __aeabi_fdiv
    adc.o(i.Get_Adc_Average) refers to fmul.o(.text) for __aeabi_fmul
    adc.o(i.Get_Adc_Average) refers to ffixui.o(.text) for __aeabi_f2uiz
    adc.o(i.Get_Adc_Average) refers to adc.o(.data) for shidu1
    adc.o(i.T_Adc_Init) refers to stm32f10x_rcc.o(i.RCC_APB2PeriphClockCmd) for RCC_APB2PeriphClockCmd
    adc.o(i.T_Adc_Init) refers to stm32f10x_gpio.o(i.GPIO_Init) for GPIO_Init
    adc.o(i.T_Adc_Init) refers to stm32f10x_rcc.o(i.RCC_ADCCLKConfig) for RCC_ADCCLKConfig
    adc.o(i.T_Adc_Init) refers to stm32f10x_adc.o(i.ADC_DeInit) for ADC_DeInit
    adc.o(i.T_Adc_Init) refers to stm32f10x_adc.o(i.ADC_Init) for ADC_Init
    adc.o(i.T_Adc_Init) refers to stm32f10x_adc.o(i.ADC_TempSensorVrefintCmd) for ADC_TempSensorVrefintCmd
    adc.o(i.T_Adc_Init) refers to stm32f10x_adc.o(i.ADC_Cmd) for ADC_Cmd
    adc.o(i.T_Adc_Init) refers to stm32f10x_adc.o(i.ADC_ResetCalibration) for ADC_ResetCalibration
    adc.o(i.T_Adc_Init) refers to stm32f10x_adc.o(i.ADC_GetResetCalibrationStatus) for ADC_GetResetCalibrationStatus
    adc.o(i.T_Adc_Init) refers to stm32f10x_adc.o(i.ADC_StartCalibration) for ADC_StartCalibration
    adc.o(i.T_Adc_Init) refers to stm32f10x_adc.o(i.ADC_GetCalibrationStatus) for ADC_GetCalibrationStatus
    adc.o(i.T_Get_Adc) refers to stm32f10x_adc.o(i.ADC_RegularChannelConfig) for ADC_RegularChannelConfig
    adc.o(i.T_Get_Adc) refers to stm32f10x_adc.o(i.ADC_SoftwareStartConvCmd) for ADC_SoftwareStartConvCmd
    adc.o(i.T_Get_Adc) refers to stm32f10x_adc.o(i.ADC_GetFlagStatus) for ADC_GetFlagStatus
    adc.o(i.T_Get_Adc) refers to stm32f10x_adc.o(i.ADC_GetConversionValue) for ADC_GetConversionValue
    adc.o(i.T_Get_Adc_Average) refers to adc.o(i.T_Get_Adc) for T_Get_Adc
    adc.o(i.T_Get_Adc_Average) refers to delay.o(i.delay_ms) for delay_ms
    adc.o(i.T_Get_Temp) refers to adc.o(i.T_Get_Adc) for T_Get_Adc
    adc.o(i.T_Get_Temp) refers to delay.o(i.delay_ms) for delay_ms
[...]
    Removing stm32f10x_tim.o(i.TIM_SetClockDivision), (18 bytes).
    Removing stm32f10x_tim.o(i.TIM_SetCompare1), (4 bytes).
    Removing stm32f10x_tim.o(i.TIM_SetCompare2), (4 bytes).
    Removing stm32f10x_tim.o(i.TIM_SetCompare3), (4 bytes).
    Removing stm32f10x_tim.o(i.TIM_SetCompare4), (6 bytes).
    Removing stm32f10x_tim.o(i.TIM_SetCounter), (4 bytes).
    Removing stm32f10x_tim.o(i.TIM_SetIC1Prescaler), (18 bytes).
    Removing stm32f10x_tim.o(i.TIM_SetIC2Prescaler), (26 bytes).
    Removing stm32f10x_tim.o(i.TIM_SetIC3Prescaler), (18 bytes).
    Removing stm32f10x_tim.o(i.TIM_SetIC4Prescaler), (26 bytes).
    Removing stm32f10x_tim.o(i.TIM_TIxExternalClockConfig), (62 bytes).
    Removing stm32f10x_tim.o(i.TIM_TimeBaseStructInit), (18 bytes).
    Removing stm32f10x_tim.o(i.TIM_UpdateDisableConfig), (24 bytes).
    Removing stm32f10x_tim.o(i.TIM_UpdateRequestConfig), (24 bytes).
    Removing stm32f10x_usart.o(i.USART_ClearITPendingBit), (30 bytes).
    Removing stm32f10x_usart.o(i.USART_ClockInit), (34 bytes).
    Removing stm32f10x_usart.o(i.USART_ClockStructInit), (12 bytes).
    Removing stm32f10x_usart.o(i.USART_DMACmd), (18 bytes).
    Removing stm32f10x_usart.o(i.USART_DeInit), (156 bytes).
    Removing stm32f10x_usart.o(i.USART_HalfDuplexCmd), (24 bytes).
    Removing stm32f10x_usart.o(i.USART_IrDACmd), (24 bytes).
    Removing stm32f10x_usart.o(i.USART_IrDAConfig), (18 bytes).
    Removing stm32f10x_usart.o(i.USART_LINBreakDetectLengthConfig), (18 bytes).
    Removing stm32f10x_usart.o(i.USART_LINCmd), (24 bytes).
    Removing stm32f10x_usart.o(i.USART_OneBitMethodCmd), (24 bytes).
    Removing stm32f10x_usart.o(i.USART_OverSampling8Cmd), (22 bytes).
    Removing stm32f10x_usart.o(i.USART_ReceiveData), (10 bytes).
    Removing stm32f10x_usart.o(i.USART_ReceiverWakeUpCmd), (24 bytes).
    Removing stm32f10x_usart.o(i.USART_SendBreak), (10 bytes).
    Removing stm32f10x_usart.o(i.USART_SetAddress), (18 bytes).
    Removing stm32f10x_usart.o(i.USART_SetGuardTime), (16 bytes).
    Removing stm32f10x_usart.o(i.USART_SetPrescaler), (16 bytes).
    Removing stm32f10x_usart.o(i.USART_SmartCardCmd), (24 bytes).
    Removing stm32f10x_usart.o(i.USART_SmartCardNACKCmd), (24 bytes).
    Removing stm32f10x_usart.o(i.USART_StructInit), (24 bytes).
    Removing stm32f10x_usart.o(i.USART_WakeUpConfig), (18 bytes).
    Removing stm32f10x_wwdg.o(i.WWDG_ClearFlag), (12 bytes).
    Removing stm32f10x_wwdg.o(i.WWDG_DeInit), (22 bytes).
    Removing stm32f10x_wwdg.o(i.WWDG_Enable), (16 bytes).
    Removing stm32f10x_wwdg.o(i.WWDG_EnableIT), (12 bytes).
    Removing stm32f10x_wwdg.o(i.WWDG_GetFlagStatus), (12 bytes).
    Removing stm32f10x_wwdg.o(i.WWDG_SetCounter), (16 bytes).
    Removing stm32f10x_wwdg.o(i.WWDG_SetPrescaler), (24 bytes).
    Removing stm32f10x_wwdg.o(i.WWDG_SetWindowValue), (40 bytes).
    Removing usart.o(i.Usart3_Init), (176 bytes).
    Removing usart.o(.bss), (200 bytes).
    Removing usart.o(.data), (2 bytes).
    Removing main.o(.data), (8 bytes).
    Removing system_stm32f10x.o(i.SystemCoreClockUpdate), (164 bytes).
    Removing mqttkit.o(i.MQTT_PacketDisConnect), (48 bytes).
    Removing mqttkit.o(i.MQTT_PacketPing), (48 bytes).
    Removing mqttkit.o(i.MQTT_PacketPublishAck), (72 bytes).
    Removing mqttkit.o(i.MQTT_PacketPublishComp), (72 bytes).
    Removing mqttkit.o(i.MQTT_PacketPublishRec), (72 bytes).
    Removing mqttkit.o(i.MQTT_PacketPublishRel), (72 bytes).
    Removing mqttkit.o(i.MQTT_PacketSubscribe), (254 bytes).
    Removing mqttkit.o(i.MQTT_PacketUnSubscribe), (238 bytes).
    Removing mqttkit.o(i.MQTT_UnPacketPublish), (448 bytes).
    Removing mqttkit.o(i.MQTT_UnPacketPublishComp), (30 bytes).
    Removing mqttkit.o(i.MQTT_UnPacketPublishRec), (30 bytes).
    Removing mqttkit.o(i.MQTT_UnPacketPublishRel), (36 bytes).
    Removing mqttkit.o(i.MQTT_UnPacketSubscribe), (52 bytes).
    Removing mqttkit.o(i.MQTT_UnPacketUnSubscribe), (18 bytes).
    Removing onenet.o(.data), (4 bytes).

468 unused section(s) (total 19796 bytes) removed from the image.

==============================================================================

Image Symbol Table

    Local Symbols

    Symbol Name                              Value     Ov Type        Size  Object(Section)

    ../clib/microlib/ctype/ctype.c           0x00000000   Number         0  isprint_o.o ABSOLUTE
    ../clib/microlib/ctype/ctype.c           0x00000000   Number         0  isblank_o.o ABSOLUTE
    ../clib/microlib/ctype/ctype.c           0x00000000   Number         0  isalpha_o.o ABSOLUTE
    ../clib/microlib/ctype/ctype.c           0x00000000   Number         0  isspace_o.o ABSOLUTE
    ../clib/microlib/ctype/ctype.c           0x00000000   Number         0  ispunct_o.o ABSOLUTE
    ../clib/microlib/ctype/ctype.c           0x00000000   Number         0  isdigit_o.o ABSOLUTE
    ../clib/microlib/ctype/ctype.c           0x00000000   Number         0  isalnum_o.o ABSOLUTE
    ../clib/microlib/ctype/ctype.c           0x00000000   Number         0  islower_o.o ABSOLUTE
    ../clib/microlib/ctype/ctype.c           0x00000000   Number         0  isgraph_o.o ABSOLUTE
    ../clib/microlib/ctype/ctype.c           0x00000000   Number         0  ctype_o.o ABSOLUTE
    ../clib/microlib/ctype/ctype.c           0x00000000   Number         0  isupper_o.o ABSOLUTE
    ../clib/microlib/ctype/ctype.c           0x00000000   Number         0  isxdigit_o.o ABSOLUTE
    ../clib/microlib/ctype/ctype.c           0x00000000   Number         0  iscntrl_o.o ABSOLUTE
    ../clib/microlib/division.c              0x00000000   Number         0  uldiv.o ABSOLUTE
    ../clib/microlib/division.c              0x00000000   Number         0  uidiv.o ABSOLUTE
    ../clib/microlib/errno.c                 0x00000000   Number         0  errno.o ABSOLUTE
    ../clib/microlib/init/entry.s            0x00000000   Number         0  entry10a.o ABSOLUTE
    ../clib/microlib/init/entry.s            0x00000000   Number         0  entry9b.o ABSOLUTE
    ../clib/microlib/init/entry.s            0x00000000   Number         0  entry8a.o ABSOLUTE
    ../clib/microlib/init/entry.s            0x00000000   Number         0  entry9a.o ABSOLUTE
    ../clib/microlib/init/entry.s            0x00000000   Number         0  entry8b.o ABSOLUTE
    ../clib/microlib/init/entry.s            0x00000000   Number         0  entry5.o ABSOLUTE
    ../clib/microlib/init/entry.s            0x00000000   Number         0  entry7b.o ABSOLUTE
    ../clib/microlib/init/entry.s            0x00000000   Number         0  entry7a.o ABSOLUTE
    ../clib/microlib/init/entry.s            0x00000000   Number         0  entry.o ABSOLUTE
    ../clib/microlib/init/entry.s            0x00000000   Number         0  entry2.o ABSOLUTE
    ../clib/microlib/init/entry.s            0x00000000   Number         0  entry10b.o ABSOLUTE
    ../clib/microlib/init/entry.s            0x00000000   Number         0  entry11b.o ABSOLUTE
    ../clib/microlib/init/entry.s            0x00000000   Number         0  entry11a.o ABSOLUTE
    ../clib/microlib/longlong.c              0x00000000   Number         0  llsshr.o ABSOLUTE
    ../clib/microlib/longlong.c              0x00000000   Number         0  llshl.o ABSOLUTE
    ../clib/microlib/longlong.c              0x00000000   Number         0  llushr.o ABSOLUTE
    ../clib/microlib/malloc/malloc.c         0x00000000   Number         0  malloca.o ABSOLUTE
    ../clib/microlib/malloc/malloc.c         0x00000000   Number         0  mallocr.o ABSOLUTE
    ../clib/microlib/malloc/malloc.c         0x00000000   Number         0  mallocra.o ABSOLUTE
    ../clib/microlib/malloc/malloc.c         0x00000000   Number         0  malloc.o ABSOLUTE
    ../clib/microlib/malloc/mvars.c          0x00000000   Number         0  mvars.o ABSOLUTE
    ../clib/microlib/printf/printf.c         0x00000000   Number         0  printfb.o ABSOLUTE
    ../clib/microlib/printf/printf.c         0x00000000   Number         0  printf0.o ABSOLUTE
    ../clib/microlib/printf/printf.c         0x00000000   Number         0  printf4.o ABSOLUTE
    ../clib/microlib/printf/printf.c         0x00000000   Number         0  printf1.o ABSOLUTE
    ../clib/microlib/printf/printf.c         0x00000000   Number         0  printf2.o ABSOLUTE
    ../clib/microlib/printf/printf.c         0x00000000   Number         0  printf3.o ABSOLUTE
    ../clib/microlib/printf/printf.c         0x00000000   Number         0  printf5.o ABSOLUTE
    ../clib/microlib/printf/printf.c         0x00000000   Number         0  printf6.o ABSOLUTE
    ../clib/microlib/printf/printf.c         0x00000000   Number         0  printf7.o ABSOLUTE
    ../clib/microlib/printf/printf.c         0x00000000   Number         0  printfa.o ABSOLUTE
    ../clib/microlib/printf/printf.c         0x00000000   Number         0  printf8.o ABSOLUTE
    ../clib/microlib/printf/stubs.s          0x00000000   Number         0  stubs.o ABSOLUTE
    ../clib/microlib/stdio/fputc.c           0x00000000   Number         0  fputc.o ABSOLUTE
    ../clib/microlib/stdio/semi.s            0x00000000   Number         0  semi.o ABSOLUTE
    ../clib/microlib/stdio/streams.c         0x00000000   Number         0  stdout.o ABSOLUTE
    ../clib/microlib/string/memcpy.c         0x00000000   Number         0  memcpyb.o ABSOLUTE
    ../clib/microlib/string/memcpy.c         0x00000000   Number         0  memcpya.o ABSOLUTE
    ../clib/microlib/string/memset.c         0x00000000   Number         0  memseta.o ABSOLUTE
    ../clib/microlib/string/strcat.c         0x00000000   Number         0  strcat.o ABSOLUTE
    ../clib/microlib/string/strchr.c         0x00000000   Number         0  strchr.o ABSOLUTE
    ../clib/microlib/string/strlen.c         0x00000000   Number         0  strlen.o ABSOLUTE
    ../clib/microlib/string/strncat.c        0x00000000   Number         0  strncat.o ABSOLUTE
    ../clib/microlib/string/strstr.c         0x00000000   Number         0  strstr.o ABSOLUTE
    ../clib/microlib/stubs.s                 0x00000000   Number         0  iusesemip.o ABSOLUTE
    ../clib/microlib/stubs.s                 0x00000000   Number         0  iusefp.o ABSOLUTE
    ../clib/scanf.c                          0x00000000   Number         0  _strtoul.o ABSOLUTE
    ../clib/scanf.c                          0x00000000   Number         0  _chval.o ABSOLUTE
    ../clib/scanf.c                          0x00000000   Number         0  strtol.o ABSOLUTE
    ../clib/scanf.c                          0x00000000   Number         0  atoi.o ABSOLUTE
    ../fplib/microlib/fpadd.c                0x00000000   Number         0  fadd.o ABSOLUTE
    ../fplib/microlib/fpadd.c                0x00000000   Number         0  dadd.o ABSOLUTE
    ../fplib/microlib/fpdiv.c                0x00000000   Number         0  fdiv.o ABSOLUTE
    ../fplib/microlib/fpdiv.c                0x00000000   Number         0  ddiv.o ABSOLUTE
    ../fplib/microlib/fpepilogue.c           0x00000000   Number         0  depilogue.o ABSOLUTE
    ../fplib/microlib/fpepilogue.c           0x00000000   Number         0  fepilogue.o ABSOLUTE
    ../fplib/microlib/fpfix.c                0x00000000   Number         0  dfixul.o ABSOLUTE
    ../fplib/microlib/fpfix.c                0x00000000   Number         0  ffixui.o ABSOLUTE
    ../fplib/microlib/fpflt.c                0x00000000   Number         0  ffltui.o ABSOLUTE
    ../fplib/microlib/fpmul.c                0x00000000   Number         0  fmul.o ABSOLUTE
    ../fplib/microlib/fpmul.c                0x00000000   Number         0  dmul.o ABSOLUTE
    ..\CORE\core_cm3.c                       0x00000000   Number         0  core_cm3.o ABSOLUTE
    ..\CORE\startup_stm32f10x_hd.s           0x00000000   Number         0  startup_stm32f10x_hd.o ABSOLUTE
    ..\HARDWARE\ADC\adc.c                    0x00000000   Number         0  adc.o ABSOLUTE
    ..\HARDWARE\BEEP\beep.c                  0x00000000   Number         0  beep.o ABSOLUTE
    ..\HARDWARE\DHT11\dht11.c                0x00000000   Number         0  dht11.o ABSOLUTE
    ..\HARDWARE\ESP8266\esp8266.c            0x00000000   Number         0  esp8266.o ABSOLUTE
    ..\HARDWARE\LED\led.c                    0x00000000   Number         0  led.o ABSOLUTE
    ..\HARDWARE\LSENS\lsens.c                0x00000000   Number         0  lsens.o ABSOLUTE
    ..\HARDWARE\Relay\Relay.c                0x00000000   Number         0  relay.o ABSOLUTE
    ..\HARDWARE\TIMER\timer.c                0x00000000   Number         0  timer.o ABSOLUTE
    ..\MQTT\MqttKit\MqttKit.c                0x00000000   Number         0  mqttkit.o ABSOLUTE
    ..\MQTT\onenet\src\onenet.c              0x00000000   Number         0  onenet.o ABSOLUTE
    ..\STM32F10x_FWLib\src\misc.c            0x00000000   Number         0  misc.o ABSOLUTE
    ..\STM32F10x_FWLib\src\stm32f10x_adc.c   0x00000000   Number         0  stm32f10x_adc.o ABSOLUTE
    ..\STM32F10x_FWLib\src\stm32f10x_bkp.c   0x00000000   Number         0  stm32f10x_bkp.o ABSOLUTE
    ..\STM32F10x_FWLib\src\stm32f10x_can.c   0x00000000   Number         0  stm32f10x_can.o ABSOLUTE
    ..\STM32F10x_FWLib\src\stm32f10x_cec.c   0x00000000   Number         0  stm32f10x_cec.o ABSOLUTE
    ..\STM32F10x_FWLib\src\stm32f10x_crc.c   0x00000000   Number         0  stm32f10x_crc.o ABSOLUTE
    ..\STM32F10x_FWLib\src\stm32f10x_dac.c   0x00000000   Number         0  stm32f10x_dac.o ABSOLUTE
    ..\STM32F10x_FWLib\src\stm32f10x_dbgmcu.c 0x00000000   Number         0  stm32f10x_dbgmcu.o ABSOLUTE
    ..\STM32F10x_FWLib\src\stm32f10x_dma.c   0x00000000   Number         0  stm32f10x_dma.o ABSOLUTE
    ..\STM32F10x_FWLib\src\stm32f10x_exti.c  0x00000000   Number         0  stm32f10x_exti.o ABSOLUTE
    ..\STM32F10x_FWLib\src\stm32f10x_flash.c 0x00000000   Number         0  stm32f10x_flash.o ABSOLUTE
    ..\STM32F10x_FWLib\src\stm32f10x_fsmc.c  0x00000000   Number         0  stm32f10x_fsmc.o ABSOLUTE
    ..\STM32F10x_FWLib\src\stm32f10x_gpio.c  0x00000000   Number         0  stm32f10x_gpio.o ABSOLUTE
    ..\STM32F10x_FWLib\src\stm32f10x_i2c.c   0x00000000   Number         0  stm32f10x_i2c.o ABSOLUTE
    ..\STM32F10x_FWLib\src\stm32f10x_iwdg.c  0x00000000   Number         0  stm32f10x_iwdg.o ABSOLUTE
    ..\STM32F10x_FWLib\src\stm32f10x_pwr.c   0x00000000   Number         0  stm32f10x_pwr.o ABSOLUTE
    ..\STM32F10x_FWLib\src\stm32f10x_rcc.c   0x00000000   Number         0  stm32f10x_rcc.o ABSOLUTE
    ..\STM32F10x_FWLib\src\stm32f10x_rtc.c   0x00000000   Number         0  stm32f10x_rtc.o ABSOLUTE
    ..\STM32F10x_FWLib\src\stm32f10x_sdio.c  0x00000000   Number         0  stm32f10x_sdio.o ABSOLUTE
    ..\STM32F10x_FWLib\src\stm32f10x_spi.c   0x00000000   Number         0  stm32f10x_spi.o ABSOLUTE
    ..\STM32F10x_FWLib\src\stm32f10x_tim.c   0x00000000   Number         0  stm32f10x_tim.o ABSOLUTE
    ..\STM32F10x_FWLib\src\stm32f10x_usart.c 0x00000000   Number         0  stm32f10x_usart.o ABSOLUTE
    ..\STM32F10x_FWLib\src\stm32f10x_wwdg.c  0x00000000   Number         0  stm32f10x_wwdg.o ABSOLUTE
    ..\SYSTEM\delay\delay.c                  0x00000000   Number         0  delay.o ABSOLUTE
    ..\SYSTEM\sys\sys.c                      0x00000000   Number         0  sys.o ABSOLUTE
    ..\SYSTEM\usart\usart.c                  0x00000000   Number         0  usart.o ABSOLUTE
    ..\TIM\Tim.c                             0x00000000   Number         0  tim.o ABSOLUTE
    ..\\CORE\\core_cm3.c                     0x00000000   Number         0  core_cm3.o ABSOLUTE
    cdrcmple.s                               0x00000000   Number         0  cdrcmple.o ABSOLUTE
    dc.s                                     0x00000000   Number         0  dc.o ABSOLUTE
    handlers.s                               0x00000000   Number         0  handlers.o ABSOLUTE
    init.s                                   0x00000000   Number         0  init.o ABSOLUTE
    main.c                                   0x00000000   Number         0  main.o ABSOLUTE
    stm32f10x_it.c                           0x00000000   Number         0  stm32f10x_it.o ABSOLUTE
    system_stm32f10x.c                       0x00000000   Number         0  system_stm32f10x.o ABSOLUTE
    RESET                                    0x08000000   Section      304  startup_stm32f10x_hd.o(RESET)
    .ARM.Collect$$$$00000000                 0x08000130   Section        0  entry.o(.ARM.Collect$$$$00000000)
    .ARM.Collect$$$$00000001                 0x08000130   Section        4  entry2.o(.ARM.Collect$$$$00000001)
    .ARM.Collect$$$$00000004                 0x08000134   Section        4  entry5.o(.ARM.Collect$$$$00000004)
    .ARM.Collect$$$$00000008                 0x08000138   Section        0  entry7b.o(.ARM.Collect$$$$00000008)
    .ARM.Collect$$$$0000000A                 0x08000138   Section        0  entry8b.o(.ARM.Collect$$$$0000000A)
    .ARM.Collect$$$$0000000B                 0x08000138   Section        8  entry9a.o(.ARM.Collect$$$$0000000B)
    .ARM.Collect$$$$0000000D                 0x08000140   Section        0  entry10a.o(.ARM.Collect$$$$0000000D)
    .ARM.Collect$$$$0000000F                 0x08000140   Section        0  entry11a.o(.ARM.Collect$$$$0000000F)
    .ARM.Collect$$$$00002712                 0x08000140   Section        4  entry2.o(.ARM.Collect$$$$00002712)
    __lit__00000000                          0x08000140   Data           4  entry2.o(.ARM.Collect$$$$00002712)
    .text                                    0x08000144   Section       36  startup_stm32f10x_hd.o(.text)
    .text                                    0x08000168   Section        0  memcpya.o(.text)
    .text                                    0x0800018c   Section        0  memseta.o(.text)
    .text                                    0x080001b0   Section        0  strcat.o(.text)
    .text                                    0x080001c8   Section        0  strstr.o(.text)
    .text                                    0x080001ec   Section        0  strchr.o(.text)
    .text                                    0x08000200   Section        0  strlen.o(.text)
    .text                                    0x0800020e   Section        0  strncat.o(.text)
    .text                                    0x08000236   Section        0  atoi.o(.text)
    .text                                    0x08000250   Section        0  fadd.o(.text)
    .text                                    0x08000300   Section        0  fmul.o(.text)
    .text                                    0x08000364   Section        0  fdiv.o(.text)
    .text                                    0x080003e0   Section        0  ffltui.o(.text)
    .text                                    0x080003ea   Section        0  ffixui.o(.text)
    .text                                    0x08000412   Section        0  uidiv.o(.text)
    .text                                    0x0800043e   Section        0  uldiv.o(.text)
    .text                                    0x080004a0   Section        0  strtol.o(.text)
    .text                                    0x08000510   Section        0  iusefp.o(.text)
    .text                                    0x08000510   Section        0  fepilogue.o(.text)
    .text                                    0x0800057e   Section        0  dadd.o(.text)
    .text                                    0x080006cc   Section        0  dmul.o(.text)
    .text                                    0x080007b0   Section        0  ddiv.o(.text)
    .text                                    0x0800088e   Section        0  dfixul.o(.text)
    .text                                    0x080008c0   Section       48  cdrcmple.o(.text)
    .text                                    0x080008f0   Section       36  init.o(.text)
    .text                                    0x08000914   Section        0  llshl.o(.text)
    .text                                    0x08000932   Section        0  llushr.o(.text)
    .text                                    0x08000952   Section        0  llsshr.o(.text)
    .text                                    0x08000978   Section        0  ctype_o.o(.text)
    .text                                    0x08000980   Section        0  _strtoul.o(.text)
    .text                                    0x08000a1e   Section        0  depilogue.o(.text)
    .text                                    0x08000ad8   Section        0  _chval.o(.text)
    i.ADC_Cmd                                0x08000af4   Section        0  stm32f10x_adc.o(i.ADC_Cmd)
    i.ADC_DeInit                             0x08000b0c   Section        0  stm32f10x_adc.o(i.ADC_DeInit)
    i.ADC_GetCalibrationStatus               0x08000b68   Section        0  stm32f10x_adc.o(i.ADC_GetCalibrationStatus)
    i.ADC_GetConversionValue                 0x08000b7c   Section        0  stm32f10x_adc.o(i.ADC_GetConversionValue)
    i.ADC_GetFlagStatus                      0x08000b84   Section        0  stm32f10x_adc.o(i.ADC_GetFlagStatus)
    i.ADC_GetResetCalibrationStatus          0x08000b96   Section        0  stm32f10x_adc.o(i.ADC_GetResetCalibrationStatus)
    i.ADC_Init                               0x08000bac   Section        0  stm32f10x_adc.o(i.ADC_Init)
    i.ADC_RegularChannelConfig               0x08000bfc   Section        0  stm32f10x_adc.o(i.ADC_RegularChannelConfig)
    i.ADC_ResetCalibration                   0x08000cb4   Section        0  stm32f10x_adc.o(i.ADC_ResetCalibration)
    i.ADC_SoftwareStartConvCmd               0x08000cbe   Section        0  stm32f10x_adc.o(i.ADC_SoftwareStartConvCmd)
    i.ADC_StartCalibration                   0x08000cd4   Section        0  stm32f10x_adc.o(i.ADC_StartCalibration)
    i.ADC_TempSensorVrefintCmd               0x08000ce0   Section        0  stm32f10x_adc.o(i.ADC_TempSensorVrefintCmd)
    i.BusFault_Handler                       0x08000d04   Section        0  stm32f10x_it.o(i.BusFault_Handler)
    i.DHT11_Check                            0x08000d08   Section        0  dht11.o(i.DHT11_Check)
    i.DHT11_Init                             0x08000d6c   Section        0  dht11.o(i.DHT11_Init)
    i.DHT11_Read_Bit                         0x08000dac   Section        0  dht11.o(i.DHT11_Read_Bit)
    i.DHT11_Read_Byte                        0x08000df8   Section        0  dht11.o(i.DHT11_Read_Byte)
    i.DHT11_Read_Data                        0x08000e16   Section        0  dht11.o(i.DHT11_Read_Data)
    i.DHT11_Rst                              0x08000e70   Section        0  dht11.o(i.DHT11_Rst)
    i.DebugMon_Handler                       0x08000eb0   Section        0  stm32f10x_it.o(i.DebugMon_Handler)
    i.ESP8266_Clear                          0x08000eb4   Section        0  esp8266.o(i.ESP8266_Clear)
    i.ESP8266_GetIPD                         0x08000ed0   Section        0  esp8266.o(i.ESP8266_GetIPD)
    i.ESP8266_Init                           0x08000f20   Section        0  esp8266.o(i.ESP8266_Init)
    i.ESP8266_SendCmd                        0x080010ac   Section        0  esp8266.o(i.ESP8266_SendCmd)
    i.ESP8266_SendData                       0x08001104   Section        0  esp8266.o(i.ESP8266_SendData)
    i.ESP8266_WaitRecive                     0x0800114c   Section        0  esp8266.o(i.ESP8266_WaitRecive)
    i.GET_Cmd                                0x08001180   Section        0  main.o(i.GET_Cmd)
    i.GPIO_Init                              0x08001196   Section        0  stm32f10x_gpio.o(i.GPIO_Init)
    i.GPIO_ResetBits                         0x080012ac   Section        0  stm32f10x_gpio.o(i.GPIO_ResetBits)
    i.GPIO_SetBits                           0x080012b0   Section        0  stm32f10x_gpio.o(i.GPIO_SetBits)
    i.Get_Adc_Average                        0x080012b4   Section        0  adc.o(i.Get_Adc_Average)
    i.HardFault_Handler                      0x08001320   Section        0  stm32f10x_it.o(i.HardFault_Handler)
    i.Hardware_Init                          0x08001324   Section        0  main.o(i.Hardware_Init)
    i.LED_Init                               0x08001370   Section        0  led.o(i.LED_Init)
    i.LED_White_ON                           0x080013d0   Section        0  led.o(i.LED_White_ON)
    i.Lsens_Get_Val                          0x080013e4   Section        0  lsens.o(i.Lsens_Get_Val)
    i.Lsens_Init                             0x08001420   Section        0  lsens.o(i.Lsens_Init)
    i.MQTT_DeleteBuffer                      0x08001448   Section        0  mqttkit.o(i.MQTT_DeleteBuffer)
    i.MQTT_DumpLength                        0x08001464   Section        0  mqttkit.o(i.MQTT_DumpLength)
    i.MQTT_NewBuffer                         0x08001492   Section        0  mqttkit.o(i.MQTT_NewBuffer)
    i.MQTT_PacketCmdResp                     0x080014ec   Section        0  mqttkit.o(i.MQTT_PacketCmdResp)
    i.MQTT_PacketConnect                     0x08001578   Section        0  mqttkit.o(i.MQTT_PacketConnect)
    i.MQTT_PacketPublish                     0x08001818   Section        0  mqttkit.o(i.MQTT_PacketPublish)
    i.MQTT_PacketSaveData                    0x08001948   Section        0  mqttkit.o(i.MQTT_PacketSaveData)
    i.MQTT_ReadLength                        0x080019a4   Section        0  mqttkit.o(i.MQTT_ReadLength)
    i.MQTT_UnPacketCmd                       0x080019ea   Section        0  mqttkit.o(i.MQTT_UnPacketCmd)
    i.MQTT_UnPacketConnectAck                0x08001a76   Section        0  mqttkit.o(i.MQTT_UnPacketConnectAck)
    i.MQTT_UnPacketPublishAck                0x08001a94   Section        0  mqttkit.o(i.MQTT_UnPacketPublishAck)
    i.MQTT_UnPacketRecv                      0x08001ab4   Section        0  mqttkit.o(i.MQTT_UnPacketRecv)
    i.MemManage_Handler                      0x08001b28   Section        0  stm32f10x_it.o(i.MemManage_Handler)
    i.NMI_Handler                            0x08001b2c   Section        0  stm32f10x_it.o(i.NMI_Handler)
    i.NVIC_Configuration                     0x08001b2e   Section        0  sys.o(i.NVIC_Configuration)
    i.NVIC_Init                              0x08001b3c   Section        0  misc.o(i.NVIC_Init)
    i.NVIC_PriorityGroupConfig               0x08001bac   Section        0  misc.o(i.NVIC_PriorityGroupConfig)
    i.OneNet_DevLink                         0x08001bc0   Section        0  onenet.o(i.OneNet_DevLink)
    i.OneNet_FillBuf                         0x08001df8   Section        0  onenet.o(i.OneNet_FillBuf)
    i.OneNet_RevPro                          0x08001ef0   Section        0  onenet.o(i.OneNet_RevPro)
    i.OneNet_SendData                        0x0800205c   Section        0  onenet.o(i.OneNet_SendData)
    i.PendSV_Handler                         0x08002154   Section        0  stm32f10x_it.o(i.PendSV_Handler)
    i.RCC_ADCCLKConfig                       0x08002158   Section        0  stm32f10x_rcc.o(i.RCC_ADCCLKConfig)
    i.RCC_APB1PeriphClockCmd                 0x08002170   Section        0  stm32f10x_rcc.o(i.RCC_APB1PeriphClockCmd)
    i.RCC_APB2PeriphClockCmd                 0x08002190   Section        0  stm32f10x_rcc.o(i.RCC_APB2PeriphClockCmd)
    i.RCC_APB2PeriphResetCmd                 0x080021b0   Section        0  stm32f10x_rcc.o(i.RCC_APB2PeriphResetCmd)
    i.RCC_GetClocksFreq                      0x080021d0   Section        0  stm32f10x_rcc.o(i.RCC_GetClocksFreq)
    i.SVC_Handler                            0x080022a4   Section        0  stm32f10x_it.o(i.SVC_Handler)
    i.SetSysClock                            0x080022a6   Section        0  system_stm32f10x.o(i.SetSysClock)
    SetSysClock                              0x080022a7   Thumb Code     8  system_stm32f10x.o(i.SetSysClock)
    i.SetSysClockTo72                        0x080022b0   Section        0  system_stm32f10x.o(i.SetSysClockTo72)
    SetSysClockTo72                          0x080022b1   Thumb Code   214  system_stm32f10x.o(i.SetSysClockTo72)
    i.SysTick_CLKSourceConfig                0x08002390   Section        0  misc.o(i.SysTick_CLKSourceConfig)
    i.SysTick_Handler                        0x080023b8   Section        0  stm32f10x_it.o(i.SysTick_Handler)
    i.SystemInit                             0x080023bc   Section        0  system_stm32f10x.o(i.SystemInit)
    i.TIM1_UP_IRQHandler                     0x0800241c   Section        0  timer.o(i.TIM1_UP_IRQHandler)
    i.TIM2_IRQHandler                        0x08002480   Section        0  timer.o(i.TIM2_IRQHandler)
    i.TIM3_IRQHandler                        0x080024bc   Section        0  timer.o(i.TIM3_IRQHandler)
    i.TIM3_Int_Init                          0x08002520   Section        0  timer.o(i.TIM3_Int_Init)
    i.TIM_ClearITPendingBit                  0x08002580   Section        0  stm32f10x_tim.o(i.TIM_ClearITPendingBit)
    i.TIM_Cmd                                0x08002586   Section        0  stm32f10x_tim.o(i.TIM_Cmd)
    i.TIM_GetITStatus                        0x0800259e   Section        0  stm32f10x_tim.o(i.TIM_GetITStatus)
    i.TIM_ITConfig                           0x080025c0   Section        0  stm32f10x_tim.o(i.TIM_ITConfig)
    i.TIM_TimeBaseInit                       0x080025d4   Section        0  stm32f10x_tim.o(i.TIM_TimeBaseInit)
    i.T_Adc_Init                             0x08002678   Section        0  adc.o(i.T_Adc_Init)
    i.T_Get_Adc                              0x08002710   Section        0  adc.o(i.T_Get_Adc)
    i.USART1_IRQHandler                      0x08002744   Section        0  usart.o(i.USART1_IRQHandler)
    i.USART2_IRQHandler                      0x08002760   Section        0  esp8266.o(i.USART2_IRQHandler)
    i.USART_ClearFlag                        0x080027ac   Section        0  stm32f10x_usart.o(i.USART_ClearFlag)
    i.USART_Cmd                              0x080027be   Section        0  stm32f10x_usart.o(i.USART_Cmd)
    i.USART_GetFlagStatus                    0x080027d6   Section        0  stm32f10x_usart.o(i.USART_GetFlagStatus)
    i.USART_GetITStatus                      0x080027f0   Section        0  stm32f10x_usart.o(i.USART_GetITStatus)
    i.USART_ITConfig                         0x08002844   Section        0  stm32f10x_usart.o(i.USART_ITConfig)
    i.USART_Init                             0x08002890   Section        0  stm32f10x_usart.o(i.USART_Init)
    i.USART_SendData                         0x08002968   Section        0  stm32f10x_usart.o(i.USART_SendData)
    i.UsageFault_Handler                     0x08002970   Section        0  stm32f10x_it.o(i.UsageFault_Handler)
    i.Usart1_Init                            0x08002974   Section        0  usart.o(i.Usart1_Init)
    i.Usart2_Init                            0x08002a24   Section        0  usart.o(i.Usart2_Init)
    i.UsartPrintf                            0x08002ad0   Section        0  usart.o(i.UsartPrintf)
    i.Usart_SendString                       0x08002b18   Section        0  usart.o(i.Usart_SendString)
    i.__0sprintf$1                           0x08002b4c   Section        0  printf1.o(i.__0sprintf$1)
    i.__0vsnprintf                           0x08002b74   Section        0  printfa.o(i.__0vsnprintf)
    i.__aeabi_errno_addr                     0x08002ba0   Section        0  errno.o(i.__aeabi_errno_addr)
    i.__scatterload_copy                     0x08002ba8   Section       14  handlers.o(i.__scatterload_copy)
    i.__scatterload_null                     0x08002bb6   Section        2  handlers.o(i.__scatterload_null)
    i.__scatterload_zeroinit                 0x08002bb8   Section       14  handlers.o(i.__scatterload_zeroinit)
    i._fp_digits                             0x08002bc8   Section        0  printfa.o(i._fp_digits)
    _fp_digits                               0x08002bc9   Thumb Code   366  printfa.o(i._fp_digits)
    i._printf_core                           0x08002d4c   Section        0  printf1.o(i._printf_core)
    _printf_core                             0x08002d4d   Thumb Code   336  printf1.o(i._printf_core)
    i._printf_core                           0x08002ea0   Section        0  printfa.o(i._printf_core)
    _printf_core                             0x08002ea1   Thumb Code  1744  printfa.o(i._printf_core)
    i._printf_post_padding                   0x0800357c   Section        0  printfa.o(i._printf_post_padding)
    _printf_post_padding                     0x0800357d   Thumb Code    36  printfa.o(i._printf_post_padding)
    i._printf_pre_padding                    0x080035a0   Section        0  printfa.o(i._printf_pre_padding)
    _printf_pre_padding                      0x080035a1   Thumb Code    46  printfa.o(i._printf_pre_padding)
    i._snputc                                0x080035ce   Section        0  printfa.o(i._snputc)
    _snputc                                  0x080035cf   Thumb Code    22  printfa.o(i._snputc)
    i._sputc                                 0x080035e4   Section        0  printf1.o(i._sputc)
    _sputc                                   0x080035e5   Thumb Code    10  printf1.o(i._sputc)
    i.delay_init                             0x080035f0   Section        0  delay.o(i.delay_init)
    i.delay_ms                               0x08003634   Section        0  delay.o(i.delay_ms)
    i.delay_us                               0x08003680   Section        0  delay.o(i.delay_us)
    i.free                                   0x080036cc   Section        0  malloc.o(i.free)
    i.main                                   0x0800371c   Section        0  main.o(i.main)
    i.main_send_data_show_task               0x0800372c   Section        0  main.o(i.main_send_data_show_task)
    i.malloc                                 0x08003798   Section        0  malloc.o(i.malloc)
    .constdata                               0x08003804   Section      129  ctype_o.o(.constdata)
    .constdata                               0x08003888   Section        4  ctype_o.o(.constdata)
    table                                    0x08003888   Data           4  ctype_o.o(.constdata)
    .conststring                             0x0800388c   Section       65  main.o(.conststring)
    .data                                    0x20000000   Section        1  adc.o(.data)
    .data                                    0x20000004   Section       32  timer.o(.data)
    .data                                    0x20000024   Section        4  esp8266.o(.data)
    .data                                    0x20000028   Section       20  stm32f10x_rcc.o(.data)
    APBAHBPrescTable                         0x20000028   Data          16  stm32f10x_rcc.o(.data)
    ADCPrescTable                            0x20000038   Data           4  stm32f10x_rcc.o(.data)
    .data                                    0x2000003c   Section        4  delay.o(.data)
    fac_us                                   0x2000003c   Data           1  delay.o(.data)
    fac_ms                                   0x2000003e   Data           2  delay.o(.data)
    .data                                    0x20000040   Section       20  system_stm32f10x.o(.data)
    .data                                    0x20000054   Section        4  mvars.o(.data)
    .data                                    0x20000058   Section        4  mvars.o(.data)
    .data                                    0x2000005c   Section        4  errno.o(.data)
    _errno                                   0x2000005c   Data           4  errno.o(.data)
    .bss                                     0x20000060   Section      200  esp8266.o(.bss)
    .bss                                     0x20000128   Section       28  onenet.o(.bss)
    HEAP                                     0x20000148   Section      512  startup_stm32f10x_hd.o(HEAP)
    STACK                                    0x20000348   Section     1024  startup_stm32f10x_hd.o(STACK)

    Global Symbols

    Symbol Name                              Value     Ov Type        Size  Object(Section)

    BuildAttributes$$THM_ISAv4$P$D$K$B$S$PE$A:L22UL41UL21$X:L11$S22US41US21$IEEE1$IW$USESV6$~STKCKD$USESV7$~SHL$OTIME$ROPI$EBA8$MICROLIB$REQ8$PRES8$EABIv2 0x00000000   Number         0  anon$$obj.o ABSOLUTE
    __ARM_use_no_argv                        0x00000000   Number         0  main.o ABSOLUTE
    _printf_a                                0x00000000   Number         0  stubs.o ABSOLUTE
    _printf_c                                0x00000000   Number         0  stubs.o ABSOLUTE
    _printf_charcount                        0x00000000   Number         0  stubs.o ABSOLUTE
    _printf_d                                0x00000000   Number         0  stubs.o ABSOLUTE
    _printf_e                                0x00000000   Number         0  stubs.o ABSOLUTE
    _printf_f                                0x00000000   Number         0  stubs.o ABSOLUTE
    _printf_flags                            0x00000000   Number         0  stubs.o ABSOLUTE
    _printf_fp_dec                           0x00000000   Number         0  stubs.o ABSOLUTE
    _printf_fp_hex                           0x00000000   Number         0  stubs.o ABSOLUTE
    _printf_g                                0x00000000   Number         0  stubs.o ABSOLUTE
    _printf_i                                0x00000000   Number         0  stubs.o ABSOLUTE
    _printf_int_dec                          0x00000000   Number         0  stubs.o ABSOLUTE
    _printf_l                                0x00000000   Number         0  stubs.o ABSOLUTE
    _printf_lc                               0x00000000   Number         0  stubs.o ABSOLUTE
    _printf_ll                               0x00000000   Number         0  stubs.o ABSOLUTE
    _printf_lld                              0x00000000   Number         0  stubs.o ABSOLUTE
    _printf_lli                              0x00000000   Number         0  stubs.o ABSOLUTE
    _printf_llo                              0x00000000   Number         0  stubs.o ABSOLUTE
    _printf_llu                              0x00000000   Number         0  stubs.o ABSOLUTE
    _printf_llx                              0x00000000   Number         0  stubs.o ABSOLUTE
    _printf_longlong_dec                     0x00000000   Number         0  stubs.o ABSOLUTE
    _printf_longlong_hex                     0x00000000   Number         0  stubs.o ABSOLUTE
    _printf_longlong_oct                     0x00000000   Number         0  stubs.o ABSOLUTE
    _printf_ls                               0x00000000   Number         0  stubs.o ABSOLUTE
    _printf_mbtowc                           0x00000000   Number         0  stubs.o ABSOLUTE
    _printf_n                                0x00000000   Number         0  stubs.o ABSOLUTE
    _printf_o                                0x00000000   Number         0  stubs.o ABSOLUTE
    _printf_p                                0x00000000   Number         0  stubs.o ABSOLUTE
    _printf_percent                          0x00000000   Number         0  stubs.o ABSOLUTE
    _printf_pre_padding                      0x00000000   Number         0  stubs.o ABSOLUTE
    _printf_return_value                     0x00000000   Number         0  stubs.o ABSOLUTE
    _printf_s                                0x00000000   Number         0  stubs.o ABSOLUTE
    _printf_sizespec                         0x00000000   Number         0  stubs.o ABSOLUTE
    _printf_str                              0x00000000   Number         0  stubs.o ABSOLUTE
    _printf_truncate_signed                  0x00000000   Number         0  stubs.o ABSOLUTE
    _printf_truncate_unsigned                0x00000000   Number         0  stubs.o ABSOLUTE
    _printf_u                                0x00000000   Number         0  stubs.o ABSOLUTE
    _printf_wc                               0x00000000   Number         0  stubs.o ABSOLUTE
    _printf_wctomb                           0x00000000   Number         0  stubs.o ABSOLUTE
    _printf_widthprec                        0x00000000   Number         0  stubs.o ABSOLUTE
    _printf_x                                0x00000000   Number         0  stubs.o ABSOLUTE
    __cpp_initialize__aeabi_                  - Undefined Weak Reference
    __cxa_finalize                            - Undefined Weak Reference
    __decompress                              - Undefined Weak Reference
    _clock_init                               - Undefined Weak Reference
    _microlib_exit                            - Undefined Weak Reference
    __Vectors_Size                           0x00000130   Number         0  startup_stm32f10x_hd.o ABSOLUTE
    __Vectors                                0x08000000   Data           4  startup_stm32f10x_hd.o(RESET)
    __Vectors_End                            0x08000130   Data           0  startup_stm32f10x_hd.o(RESET)
    __main                                   0x08000131   Thumb Code     0  entry.o(.ARM.Collect$$$$00000000)
    _main_stk                                0x08000131   Thumb Code     0  entry2.o(.ARM.Collect$$$$00000001)
    _main_scatterload                        0x08000135   Thumb Code     0  entry5.o(.ARM.Collect$$$$00000004)
    __main_after_scatterload                 0x08000139   Thumb Code     0  entry5.o(.ARM.Collect$$$$00000004)
    _main_clock                              0x08000139   Thumb Code     0  entry7b.o(.ARM.Collect$$$$00000008)
    _main_cpp_init                           0x08000139   Thumb Code     0  entry8b.o(.ARM.Collect$$$$0000000A)
    _main_init                               0x08000139   Thumb Code     0  entry9a.o(.ARM.Collect$$$$0000000B)
    __rt_final_cpp                           0x08000141   Thumb Code     0  entry10a.o(.ARM.Collect$$$$0000000D)
    __rt_final_exit                          0x08000141   Thumb Code     0  entry11a.o(.ARM.Collect$$$$0000000F)
    Reset_Handler                            0x08000145   Thumb Code     8  startup_stm32f10x_hd.o(.text)
    ADC1_2_IRQHandler                        0x0800015f   Thumb Code     0  startup_stm32f10x_hd.o(.text)
    ADC3_IRQHandler                          0x0800015f   Thumb Code     0  startup_stm32f10x_hd.o(.text)
    CAN1_RX1_IRQHandler                      0x0800015f   Thumb Code     0  startup_stm32f10x_hd.o(.text)
    CAN1_SCE_IRQHandler                      0x0800015f   Thumb Code     0  startup_stm32f10x_hd.o(.text)
    DMA1_Channel1_IRQHandler                 0x0800015f   Thumb Code     0  startup_stm32f10x_hd.o(.text)
    DMA1_Channel2_IRQHandler                 0x0800015f   Thumb Code     0  startup_stm32f10x_hd.o(.text)
    DMA1_Channel3_IRQHandler                 0x0800015f   Thumb Code     0  startup_stm32f10x_hd.o(.text)
    DMA1_Channel4_IRQHandler                 0x0800015f   Thumb Code     0  startup_stm32f10x_hd.o(.text)
    DMA1_Channel5_IRQHandler                 0x0800015f   Thumb Code     0  startup_stm32f10x_hd.o(.text)
    DMA1_Channel6_IRQHandler                 0x0800015f   Thumb Code     0  startup_stm32f10x_hd.o(.text)
    DMA1_Channel7_IRQHandler                 0x0800015f   Thumb Code     0  startup_stm32f10x_hd.o(.text)
    DMA2_Channel1_IRQHandler                 0x0800015f   Thumb Code     0  startup_stm32f10x_hd.o(.text)
    DMA2_Channel2_IRQHandler                 0x0800015f   Thumb Code     0  startup_stm32f10x_hd.o(.text)
    DMA2_Channel3_IRQHandler                 0x0800015f   Thumb Code     0  startup_stm32f10x_hd.o(.text)
    DMA2_Channel4_5_IRQHandler               0x0800015f   Thumb Code     0  startup_stm32f10x_hd.o(.text)
    EXTI0_IRQHandler                         0x0800015f   Thumb Code     0  startup_stm32f10x_hd.o(.text)
    EXTI15_10_IRQHandler                     0x0800015f   Thumb Code     0  startup_stm32f10x_hd.o(.text)
    EXTI1_IRQHandler                         0x0800015f   Thumb Code     0  startup_stm32f10x_hd.o(.text)
    EXTI2_IRQHandler                         0x0800015f   Thumb Code     0  startup_stm32f10x_hd.o(.text)
    EXTI3_IRQHandler                         0x0800015f   Thumb Code     0  startup_stm32f10x_hd.o(.text)
    EXTI4_IRQHandler                         0x0800015f   Thumb Code     0  startup_stm32f10x_hd.o(.text)
    EXTI9_5_IRQHandler                       0x0800015f   Thumb Code     0  startup_stm32f10x_hd.o(.text)
    FLASH_IRQHandler                         0x0800015f   Thumb Code     0  startup_stm32f10x_hd.o(.text)
    FSMC_IRQHandler                          0x0800015f   Thumb Code     0  startup_stm32f10x_hd.o(.text)
    I2C1_ER_IRQHandler                       0x0800015f   Thumb Code     0  startup_stm32f10x_hd.o(.text)
    I2C1_EV_IRQHandler                       0x0800015f   Thumb Code     0  startup_stm32f10x_hd.o(.text)
    I2C2_ER_IRQHandler                       0x0800015f   Thumb Code     0  startup_stm32f10x_hd.o(.text)
    I2C2_EV_IRQHandler                       0x0800015f   Thumb Code     0  startup_stm32f10x_hd.o(.text)
    PVD_IRQHandler                           0x0800015f   Thumb Code     0  startup_stm32f10x_hd.o(.text)
    RCC_IRQHandler                           0x0800015f   Thumb Code     0  startup_stm32f10x_hd.o(.text)
    RTCAlarm_IRQHandler                      0x0800015f   Thumb Code     0  startup_stm32f10x_hd.o(.text)
    RTC_IRQHandler                           0x0800015f   Thumb Code     0  startup_stm32f10x_hd.o(.text)
    SDIO_IRQHandler                          0x0800015f   Thumb Code     0  startup_stm32f10x_hd.o(.text)
    SPI1_IRQHandler                          0x0800015f   Thumb Code     0  startup_stm32f10x_hd.o(.text)
    SPI2_IRQHandler                          0x0800015f   Thumb Code     0  startup_stm32f10x_hd.o(.text)
    SPI3_IRQHandler                          0x0800015f   Thumb Code     0  startup_stm32f10x_hd.o(.text)
    TAMPER_IRQHandler                        0x0800015f   Thumb Code     0  startup_stm32f10x_hd.o(.text)
    TIM1_BRK_IRQHandler                      0x0800015f   Thumb Code     0  startup_stm32f10x_hd.o(.text)
    TIM1_CC_IRQHandler                       0x0800015f   Thumb Code     0  startup_stm32f10x_hd.o(.text)
    TIM1_TRG_COM_IRQHandler                  0x0800015f   Thumb Code     0  startup_stm32f10x_hd.o(.text)
    TIM4_IRQHandler                          0x0800015f   Thumb Code     0  startup_stm32f10x_hd.o(.text)
    TIM5_IRQHandler                          0x0800015f   Thumb Code     0  startup_stm32f10x_hd.o(.text)
    TIM6_IRQHandler                          0x0800015f   Thumb Code     0  startup_stm32f10x_hd.o(.text)
    TIM7_IRQHandler                          0x0800015f   Thumb Code     0  startup_stm32f10x_hd.o(.text)
    TIM8_BRK_IRQHandler                      0x0800015f   Thumb Code     0  startup_stm32f10x_hd.o(.text)
    TIM8_CC_IRQHandler                       0x0800015f   Thumb Code     0  startup_stm32f10x_hd.o(.text)
    TIM8_TRG_COM_IRQHandler                  0x0800015f   Thumb Code     0  startup_stm32f10x_hd.o(.text)
    TIM8_UP_IRQHandler                       0x0800015f   Thumb Code     0  startup_stm32f10x_hd.o(.text)
    UART4_IRQHandler                         0x0800015f   Thumb Code     0  startup_stm32f10x_hd.o(.text)
    UART5_IRQHandler                         0x0800015f   Thumb Code     0  startup_stm32f10x_hd.o(.text)
    USART3_IRQHandler                        0x0800015f   Thumb Code     0  startup_stm32f10x_hd.o(.text)
    USBWakeUp_IRQHandler                     0x0800015f   Thumb Code     0  startup_stm32f10x_hd.o(.text)
    USB_HP_CAN1_TX_IRQHandler                0x0800015f   Thumb Code     0  startup_stm32f10x_hd.o(.text)
    USB_LP_CAN1_RX0_IRQHandler               0x0800015f   Thumb Code     0  startup_stm32f10x_hd.o(.text)
    WWDG_IRQHandler                          0x0800015f   Thumb Code     0  startup_stm32f10x_hd.o(.text)
    __aeabi_memcpy                           0x08000169   Thumb Code    36  memcpya.o(.text)
    __aeabi_memcpy4                          0x08000169   Thumb Code     0  memcpya.o(.text)
    __aeabi_memcpy8                          0x08000169   Thumb Code     0  memcpya.o(.text)
    __aeabi_memset                           0x0800018d   Thumb Code    14  memseta.o(.text)
    __aeabi_memset4                          0x0800018d   Thumb Code     0  memseta.o(.text)
    __aeabi_memset8                          0x0800018d   Thumb Code     0  memseta.o(.text)
    __aeabi_memclr                           0x0800019b   Thumb Code     4  memseta.o(.text)
    __aeabi_memclr4                          0x0800019b   Thumb Code     0  memseta.o(.text)
    __aeabi_memclr8                          0x0800019b   Thumb Code     0  memseta.o(.text)
    _memset$wrapper                          0x0800019f   Thumb Code    18  memseta.o(.text)
    strcat                                   0x080001b1   Thumb Code    24  strcat.o(.text)
    strstr                                   0x080001c9   Thumb Code    36  strstr.o(.text)
    strchr                                   0x080001ed   Thumb Code    20  strchr.o(.text)
    strlen                                   0x08000201   Thumb Code    14  strlen.o(.text)
    strncat                                  0x0800020f   Thumb Code    40  strncat.o(.text)
    atoi                                     0x08000237   Thumb Code    26  atoi.o(.text)
    __aeabi_fadd                             0x08000251   Thumb Code   164  fadd.o(.text)
    __aeabi_fsub                             0x080002f5   Thumb Code     6  fadd.o(.text)
    __aeabi_frsub                            0x080002fb   Thumb Code     6  fadd.o(.text)
    __aeabi_fmul                             0x08000301   Thumb Code   100  fmul.o(.text)
    __aeabi_fdiv                             0x08000365   Thumb Code   124  fdiv.o(.text)
    __aeabi_ui2f                             0x080003e1   Thumb Code    10  ffltui.o(.text)
    __aeabi_f2uiz                            0x080003eb   Thumb Code    40  ffixui.o(.text)
    __aeabi_uidiv                            0x08000413   Thumb Code     0  uidiv.o(.text)
    __aeabi_uidivmod                         0x08000413   Thumb Code    44  uidiv.o(.text)
    __aeabi_uldivmod                         0x0800043f   Thumb Code    98  uldiv.o(.text)
    strtol                                   0x080004a1   Thumb Code   112  strtol.o(.text)
    __I$use$fp                               0x08000511   Thumb Code     0  iusefp.o(.text)
    _float_round                             0x08000511   Thumb Code    18  fepilogue.o(.text)
    _float_epilogue                          0x08000523   Thumb Code    92  fepilogue.o(.text)
    __aeabi_dadd                             0x0800057f   Thumb Code   322  dadd.o(.text)
    __aeabi_dsub                             0x080006c1   Thumb Code     6  dadd.o(.text)
    __aeabi_drsub                            0x080006c7   Thumb Code     6  dadd.o(.text)
    __aeabi_dmul                             0x080006cd   Thumb Code   228  dmul.o(.text)
    __aeabi_ddiv                             0x080007b1   Thumb Code   222  ddiv.o(.text)
    __aeabi_d2ulz                            0x0800088f   Thumb Code    48  dfixul.o(.text)
    __aeabi_cdrcmple                         0x080008c1   Thumb Code    48  cdrcmple.o(.text)
    __scatterload                            0x080008f1   Thumb Code    28  init.o(.text)
    __scatterload_rt2                        0x080008f1   Thumb Code     0  init.o(.text)
    __aeabi_llsl                             0x08000915   Thumb Code    30  llshl.o(.text)
    _ll_shift_l                              0x08000915   Thumb Code     0  llshl.o(.text)
    __aeabi_llsr                             0x08000933   Thumb Code    32  llushr.o(.text)
    _ll_ushift_r                             0x08000933   Thumb Code     0  llushr.o(.text)
    __aeabi_lasr                             0x08000953   Thumb Code    36  llsshr.o(.text)
    _ll_sshift_r                             0x08000953   Thumb Code     0  llsshr.o(.text)
    __rt_ctype_table                         0x08000979   Thumb Code     4  ctype_o.o(.text)
    _strtoul                                 0x08000981   Thumb Code   158  _strtoul.o(.text)
    _double_round                            0x08000a1f   Thumb Code    30  depilogue.o(.text)
    _double_epilogue                         0x08000a3d   Thumb Code   156  depilogue.o(.text)
    _chval                                   0x08000ad9   Thumb Code    28  _chval.o(.text)
    ADC_Cmd                                  0x08000af5   Thumb Code    22  stm32f10x_adc.o(i.ADC_Cmd)
    ADC_DeInit                               0x08000b0d   Thumb Code    78  stm32f10x_adc.o(i.ADC_DeInit)
    ADC_GetCalibrationStatus                 0x08000b69   Thumb Code    20  stm32f10x_adc.o(i.ADC_GetCalibrationStatus)
    ADC_GetConversionValue                   0x08000b7d   Thumb Code     8  stm32f10x_adc.o(i.ADC_GetConversionValue)
    ADC_GetFlagStatus                        0x08000b85   Thumb Code    18  stm32f10x_adc.o(i.ADC_GetFlagStatus)
    ADC_GetResetCalibrationStatus            0x08000b97   Thumb Code    20  stm32f10x_adc.o(i.ADC_GetResetCalibrationStatus)
    ADC_Init                                 0x08000bad   Thumb Code    70  stm32f10x_adc.o(i.ADC_Init)
    ADC_RegularChannelConfig                 0x08000bfd   Thumb Code   184  stm32f10x_adc.o(i.ADC_RegularChannelConfig)
    ADC_ResetCalibration                     0x08000cb5   Thumb Code    10  stm32f10x_adc.o(i.ADC_ResetCalibration)
    ADC_SoftwareStartConvCmd                 0x08000cbf   Thumb Code    22  stm32f10x_adc.o(i.ADC_SoftwareStartConvCmd)
    ADC_StartCalibration                     0x08000cd5   Thumb Code    10  stm32f10x_adc.o(i.ADC_StartCalibration)
    ADC_TempSensorVrefintCmd                 0x08000ce1   Thumb Code    30  stm32f10x_adc.o(i.ADC_TempSensorVrefintCmd)
    BusFault_Handler                         0x08000d05   Thumb Code     4  stm32f10x_it.o(i.BusFault_Handler)
    DHT11_Check                              0x08000d09   Thumb Code    92  dht11.o(i.DHT11_Check)
    DHT11_Init                               0x08000d6d   Thumb Code    58  dht11.o(i.DHT11_Init)
    DHT11_Read_Bit                           0x08000dad   Thumb Code    70  dht11.o(i.DHT11_Read_Bit)
    DHT11_Read_Byte                          0x08000df9   Thumb Code    30  dht11.o(i.DHT11_Read_Byte)
    DHT11_Read_Data                          0x08000e17   Thumb Code    88  dht11.o(i.DHT11_Read_Data)
    DHT11_Rst                                0x08000e71   Thumb Code    52  dht11.o(i.DHT11_Rst)
    DebugMon_Handler                         0x08000eb1   Thumb Code     2  stm32f10x_it.o(i.DebugMon_Handler)
    ESP8266_Clear                            0x08000eb5   Thumb Code    18  esp8266.o(i.ESP8266_Clear)
    ESP8266_GetIPD                           0x08000ed1   Thumb Code    68  esp8266.o(i.ESP8266_GetIPD)
    ESP8266_Init                             0x08000f21   Thumb Code   160  esp8266.o(i.ESP8266_Init)
    ESP8266_SendCmd                          0x080010ad   Thumb Code    80  esp8266.o(i.ESP8266_SendCmd)
    ESP8266_SendData                         0x08001105   Thumb Code    46  esp8266.o(i.ESP8266_SendData)
    ESP8266_WaitRecive                       0x0800114d   Thumb Code    42  esp8266.o(i.ESP8266_WaitRecive)
    GET_Cmd                                  0x08001181   Thumb Code    22  main.o(i.GET_Cmd)
    GPIO_Init                                0x08001197   Thumb Code   278  stm32f10x_gpio.o(i.GPIO_Init)
    GPIO_ResetBits                           0x080012ad   Thumb Code     4  stm32f10x_gpio.o(i.GPIO_ResetBits)
    GPIO_SetBits                             0x080012b1   Thumb Code     4  stm32f10x_gpio.o(i.GPIO_SetBits)
    Get_Adc_Average                          0x080012b5   Thumb Code    92  adc.o(i.Get_Adc_Average)
    HardFault_Handler                        0x08001321   Thumb Code     4  stm32f10x_it.o(i.HardFault_Handler)
    Hardware_Init                            0x08001325   Thumb Code    74  main.o(i.Hardware_Init)
    LED_Init                                 0x08001371   Thumb Code    88  led.o(i.LED_Init)
    LED_White_ON                             0x080013d1   Thumb Code    14  led.o(i.LED_White_ON)
    Lsens_Get_Val                            0x080013e5   Thumb Code    60  lsens.o(i.Lsens_Get_Val)
    Lsens_Init                               0x08001421   Thumb Code    36  lsens.o(i.Lsens_Init)
    MQTT_DeleteBuffer                        0x08001449   Thumb Code    28  mqttkit.o(i.MQTT_DeleteBuffer)
    MQTT_DumpLength                          0x08001465   Thumb Code    46  mqttkit.o(i.MQTT_DumpLength)
    MQTT_NewBuffer                           0x08001493   Thumb Code    88  mqttkit.o(i.MQTT_NewBuffer)
    MQTT_PacketCmdResp                       0x080014ed   Thumb Code   132  mqttkit.o(i.MQTT_PacketCmdResp)
    MQTT_PacketConnect                       0x08001579   Thumb Code   666  mqttkit.o(i.MQTT_PacketConnect)
    MQTT_PacketPublish                       0x08001819   Thumb Code   304  mqttkit.o(i.MQTT_PacketPublish)
    MQTT_PacketSaveData                      0x08001949   Thumb Code    88  mqttkit.o(i.MQTT_PacketSaveData)
    MQTT_ReadLength                          0x080019a5   Thumb Code    70  mqttkit.o(i.MQTT_ReadLength)
    MQTT_UnPacketCmd                         0x080019eb   Thumb Code   140  mqttkit.o(i.MQTT_UnPacketCmd)
    MQTT_UnPacketConnectAck                  0x08001a77   Thumb Code    30  mqttkit.o(i.MQTT_UnPacketConnectAck)
    MQTT_UnPacketPublishAck                  0x08001a95   Thumb Code    30  mqttkit.o(i.MQTT_UnPacketPublishAck)
    MQTT_UnPacketRecv                        0x08001ab5   Thumb Code   106  mqttkit.o(i.MQTT_UnPacketRecv)
    MemManage_Handler                        0x08001b29   Thumb Code     4  stm32f10x_it.o(i.MemManage_Handler)
    NMI_Handler                              0x08001b2d   Thumb Code     2  stm32f10x_it.o(i.NMI_Handler)
    NVIC_Configuration                       0x08001b2f   Thumb Code    12  sys.o(i.NVIC_Configuration)
    NVIC_Init                                0x08001b3d   Thumb Code   100  misc.o(i.NVIC_Init)
    NVIC_PriorityGroupConfig                 0x08001bad   Thumb Code    10  misc.o(i.NVIC_PriorityGroupConfig)
    OneNet_DevLink                           0x08001bc1   Thumb Code   224  onenet.o(i.OneNet_DevLink)
    OneNet_FillBuf                           0x08001df9   Thumb Code   166  onenet.o(i.OneNet_FillBuf)
    OneNet_RevPro                            0x08001ef1   Thumb Code   268  onenet.o(i.OneNet_RevPro)
    OneNet_SendData                          0x0800205d   Thumb Code   144  onenet.o(i.OneNet_SendData)
    PendSV_Handler                           0x08002155   Thumb Code     2  stm32f10x_it.o(i.PendSV_Handler)
    RCC_ADCCLKConfig                         0x08002159   Thumb Code    18  stm32f10x_rcc.o(i.RCC_ADCCLKConfig)
    RCC_APB1PeriphClockCmd                   0x08002171   Thumb Code    26  stm32f10x_rcc.o(i.RCC_APB1PeriphClockCmd)
    RCC_APB2PeriphClockCmd                   0x08002191   Thumb Code    26  stm32f10x_rcc.o(i.RCC_APB2PeriphClockCmd)
    RCC_APB2PeriphResetCmd                   0x080021b1   Thumb Code    26  stm32f10x_rcc.o(i.RCC_APB2PeriphResetCmd)
    RCC_GetClocksFreq                        0x080021d1   Thumb Code   192  stm32f10x_rcc.o(i.RCC_GetClocksFreq)
    SVC_Handler                              0x080022a5   Thumb Code     2  stm32f10x_it.o(i.SVC_Handler)
    SysTick_CLKSourceConfig                  0x08002391   Thumb Code    40  misc.o(i.SysTick_CLKSourceConfig)
    SysTick_Handler                          0x080023b9   Thumb Code     2  stm32f10x_it.o(i.SysTick_Handler)
    SystemInit                               0x080023bd   Thumb Code    78  system_stm32f10x.o(i.SystemInit)
    TIM1_UP_IRQHandler                       0x0800241d   Thumb Code    80  timer.o(i.TIM1_UP_IRQHandler)
    TIM2_IRQHandler                          0x08002481   Thumb Code    52  timer.o(i.TIM2_IRQHandler)
    TIM3_IRQHandler                          0x080024bd   Thumb Code    80  timer.o(i.TIM3_IRQHandler)
    TIM3_Int_Init                            0x08002521   Thumb Code    90  timer.o(i.TIM3_Int_Init)
    TIM_ClearITPendingBit                    0x08002581   Thumb Code     6  stm32f10x_tim.o(i.TIM_ClearITPendingBit)
    TIM_Cmd                                  0x08002587   Thumb Code    24  stm32f10x_tim.o(i.TIM_Cmd)
    TIM_GetITStatus                          0x0800259f   Thumb Code    34  stm32f10x_tim.o(i.TIM_GetITStatus)
    TIM_ITConfig                             0x080025c1   Thumb Code    18  stm32f10x_tim.o(i.TIM_ITConfig)
    TIM_TimeBaseInit                         0x080025d5   Thumb Code   122  stm32f10x_tim.o(i.TIM_TimeBaseInit)
    T_Adc_Init                               0x08002679   Thumb Code   144  adc.o(i.T_Adc_Init)
    T_Get_Adc                                0x08002711   Thumb Code    46  adc.o(i.T_Get_Adc)
    USART1_IRQHandler                        0x08002745   Thumb Code    24  usart.o(i.USART1_IRQHandler)
    USART2_IRQHandler                        0x08002761   Thumb Code    62  esp8266.o(i.USART2_IRQHandler)
    USART_ClearFlag                          0x080027ad   Thumb Code    18  stm32f10x_usart.o(i.USART_ClearFlag)
    USART_Cmd                                0x080027bf   Thumb Code    24  stm32f10x_usart.o(i.USART_Cmd)
    USART_GetFlagStatus                      0x080027d7   Thumb Code    26  stm32f10x_usart.o(i.USART_GetFlagStatus)
    USART_GetITStatus                        0x080027f1   Thumb Code    84  stm32f10x_usart.o(i.USART_GetITStatus)
    USART_ITConfig                           0x08002845   Thumb Code    74  stm32f10x_usart.o(i.USART_ITConfig)
    USART_Init                               0x08002891   Thumb Code   210  stm32f10x_usart.o(i.USART_Init)
    USART_SendData                           0x08002969   Thumb Code     8  stm32f10x_usart.o(i.USART_SendData)
    UsageFault_Handler                       0x08002971   Thumb Code     4  stm32f10x_it.o(i.UsageFault_Handler)
    Usart1_Init                              0x08002975   Thumb Code   166  usart.o(i.Usart1_Init)
    Usart2_Init                              0x08002a25   Thumb Code   162  usart.o(i.Usart2_Init)
    UsartPrintf                              0x08002ad1   Thumb Code    72  usart.o(i.UsartPrintf)
    Usart_SendString                         0x08002b19   Thumb Code    50  usart.o(i.Usart_SendString)
    __0sprintf$1                             0x08002b4d   Thumb Code    34  printf1.o(i.__0sprintf$1)
    __1sprintf$1                             0x08002b4d   Thumb Code     0  printf1.o(i.__0sprintf$1)
    __2sprintf                               0x08002b4d   Thumb Code     0  printf1.o(i.__0sprintf$1)
    __0vsnprintf                             0x08002b75   Thumb Code    40  printfa.o(i.__0vsnprintf)
    __1vsnprintf                             0x08002b75   Thumb Code     0  printfa.o(i.__0vsnprintf)
    __2vsnprintf                             0x08002b75   Thumb Code     0  printfa.o(i.__0vsnprintf)
    __c89vsnprintf                           0x08002b75   Thumb Code     0  printfa.o(i.__0vsnprintf)
    vsnprintf                                0x08002b75   Thumb Code     0  printfa.o(i.__0vsnprintf)
    __aeabi_errno_addr                       0x08002ba1   Thumb Code     4  errno.o(i.__aeabi_errno_addr)
    __rt_errno_addr                          0x08002ba1   Thumb Code     0  errno.o(i.__aeabi_errno_addr)
    __scatterload_copy                       0x08002ba9   Thumb Code    14  handlers.o(i.__scatterload_copy)
    __scatterload_null                       0x08002bb7   Thumb Code     2  handlers.o(i.__scatterload_null)
    __scatterload_zeroinit                   0x08002bb9   Thumb Code    14  handlers.o(i.__scatterload_zeroinit)
    delay_init                               0x080035f1   Thumb Code    50  delay.o(i.delay_init)
    delay_ms                                 0x08003635   Thumb Code    72  delay.o(i.delay_ms)
    delay_us                                 0x08003681   Thumb Code    72  delay.o(i.delay_us)
    free                                     0x080036cd   Thumb Code    76  malloc.o(i.free)
    main                                     0x0800371d   Thumb Code    16  main.o(i.main)
    main_send_data_show_task                 0x0800372d   Thumb Code    88  main.o(i.main_send_data_show_task)
    malloc                                   0x08003799   Thumb Code    92  malloc.o(i.malloc)
    __ctype_table                            0x08003804   Data         129  ctype_o.o(.constdata)
    Region$$Table$$Base                      0x080038d0   Number         0  anon$$obj.o(Region$$Table)
    Region$$Table$$Limit                     0x080038f0   Number         0  anon$$obj.o(Region$$Table)
    shidu1                                   0x20000000   Data           1  adc.o(.data)
    SENG_DATA                                0x20000004   Data           1  timer.o(.data)
    MQ2_DATA                                 0x20000005   Data           1  timer.o(.data)
    LED_TIMER1                               0x20000006   Data           1  timer.o(.data)
    LED_TIMER2                               0x20000007   Data           1  timer.o(.data)
    printf_time                              0x20000008   Data           1  timer.o(.data)
    SENG_FLAG                                0x2000000c   Data           4  timer.o(.data)
    MQ2_FLAG                                 0x20000010   Data           4  timer.o(.data)
    LED_OFF_FlAG                             0x20000014   Data           4  timer.o(.data)
    printf_flag                              0x20000018   Data           4  timer.o(.data)
    beep_off_flag                            0x2000001c   Data           4  timer.o(.data)
    beep_off_flag2                           0x20000020   Data           4  timer.o(.data)
    esp8266_cnt                              0x20000024   Data           2  esp8266.o(.data)
    esp8266_cntPre                           0x20000026   Data           2  esp8266.o(.data)
    SystemCoreClock                          0x20000040   Data           4  system_stm32f10x.o(.data)
    AHBPrescTable                            0x20000044   Data          16  system_stm32f10x.o(.data)
    __microlib_freelist                      0x20000054   Data           4  mvars.o(.data)
    __microlib_freelist_initialised          0x20000058   Data           4  mvars.o(.data)
    esp8266_buf                              0x20000060   Data         200  esp8266.o(.bss)
    s                                        0x20000128   Data          28  onenet.o(.bss)
    __heap_base                              0x20000148   Data           0  startup_stm32f10x_hd.o(HEAP)
    __heap_limit                             0x20000348   Data           0  startup_stm32f10x_hd.o(HEAP)
    __initial_sp                             0x20000748   Data           0  startup_stm32f10x_hd.o(STACK)



==============================================================================

Memory Map of the image

  Image Entry point : 0x08000131

  Load Region LR_IROM1 (Base: 0x08000000, Size: 0x00003950, Max: 0x00010000, ABSOLUTE)

    Execution Region ER_IROM1 (Exec base: 0x08000000, Load base: 0x08000000, Size: 0x000038f0, Max: 0x00010000, ABSOLUTE)

    Exec Addr    Load Addr    Size         Type   Attr      Idx    E Section Name        Object

    0x08000000   0x08000000   0x00000130   Data   RO           19    RESET               startup_stm32f10x_hd.o
    0x08000130   0x08000130   0x00000000   Code   RO         4096  * .ARM.Collect$$$$00000000  mc_w.l(entry.o)
    0x08000130   0x08000130   0x00000004   Code   RO         4416    .ARM.Collect$$$$00000001  mc_w.l(entry2.o)
    0x08000134   0x08000134   0x00000004   Code   RO         4419    .ARM.Collect$$$$00000004  mc_w.l(entry5.o)
    0x08000138   0x08000138   0x00000000   Code   RO         4421    .ARM.Collect$$$$00000008  mc_w.l(entry7b.o)
    0x08000138   0x08000138   0x00000000   Code   RO         4423    .ARM.Collect$$$$0000000A  mc_w.l(entry8b.o)
    0x08000138   0x08000138   0x00000008   Code   RO         4424    .ARM.Collect$$$$0000000B  mc_w.l(entry9a.o)
    0x08000140   0x08000140   0x00000000   Code   RO         4426    .ARM.Collect$$$$0000000D  mc_w.l(entry10a.o)
    0x08000140   0x08000140   0x00000000   Code   RO         4428    .ARM.Collect$$$$0000000F  mc_w.l(entry11a.o)
    0x08000140   0x08000140   0x00000004   Code   RO         4417    .ARM.Collect$$$$00002712  mc_w.l(entry2.o)
    0x08000144   0x08000144   0x00000024   Code   RO           20    .text               startup_stm32f10x_hd.o
    0x08000168   0x08000168   0x00000024   Code   RO         4099    .text               mc_w.l(memcpya.o)
    0x0800018c   0x0800018c   0x00000024   Code   RO         4101    .text               mc_w.l(memseta.o)
    0x080001b0   0x080001b0   0x00000018   Code   RO         4103    .text               mc_w.l(strcat.o)
    0x080001c8   0x080001c8   0x00000024   Code   RO         4105    .text               mc_w.l(strstr.o)
    0x080001ec   0x080001ec   0x00000014   Code   RO         4107    .text               mc_w.l(strchr.o)
    0x08000200   0x08000200   0x0000000e   Code   RO         4109    .text               mc_w.l(strlen.o)
    0x0800020e   0x0800020e   0x00000028   Code   RO         4111    .text               mc_w.l(strncat.o)
    0x08000236   0x08000236   0x0000001a   Code   RO         4404    .text               mc_w.l(atoi.o)
    0x08000250   0x08000250   0x000000b0   Code   RO         4406    .text               mf_w.l(fadd.o)
    0x08000300   0x08000300   0x00000064   Code   RO         4408    .text               mf_w.l(fmul.o)
    0x08000364   0x08000364   0x0000007c   Code   RO         4410    .text               mf_w.l(fdiv.o)
    0x080003e0   0x080003e0   0x0000000a   Code   RO         4412    .text               mf_w.l(ffltui.o)
    0x080003ea   0x080003ea   0x00000028   Code   RO         4414    .text               mf_w.l(ffixui.o)
    0x08000412   0x08000412   0x0000002c   Code   RO         4433    .text               mc_w.l(uidiv.o)
    0x0800043e   0x0800043e   0x00000062   Code   RO         4435    .text               mc_w.l(uldiv.o)
    0x080004a0   0x080004a0   0x00000070   Code   RO         4446    .text               mc_w.l(strtol.o)
    0x08000510   0x08000510   0x00000000   Code   RO         4448    .text               mc_w.l(iusefp.o)
    0x08000510   0x08000510   0x0000006e   Code   RO         4449    .text               mf_w.l(fepilogue.o)
    0x0800057e   0x0800057e   0x0000014e   Code   RO         4451    .text               mf_w.l(dadd.o)
    0x080006cc   0x080006cc   0x000000e4   Code   RO         4453    .text               mf_w.l(dmul.o)
    0x080007b0   0x080007b0   0x000000de   Code   RO         4455    .text               mf_w.l(ddiv.o)
    0x0800088e   0x0800088e   0x00000030   Code   RO         4457    .text               mf_w.l(dfixul.o)
    0x080008be   0x080008be   0x00000002   PAD
    0x080008c0   0x080008c0   0x00000030   Code   RO         4459    .text               mf_w.l(cdrcmple.o)
    0x080008f0   0x080008f0   0x00000024   Code   RO         4461    .text               mc_w.l(init.o)
    0x08000914   0x08000914   0x0000001e   Code   RO         4464    .text               mc_w.l(llshl.o)
    0x08000932   0x08000932   0x00000020   Code   RO         4466    .text               mc_w.l(llushr.o)
    0x08000952   0x08000952   0x00000024   Code   RO         4468    .text               mc_w.l(llsshr.o)
    0x08000976   0x08000976   0x00000002   PAD
    0x08000978   0x08000978   0x00000008   Code   RO         4470    .text               mc_w.l(ctype_o.o)
    0x08000980   0x08000980   0x0000009e   Code   RO         4498    .text               mc_w.l(_strtoul.o)
    0x08000a1e   0x08000a1e   0x000000ba   Code   RO         4501    .text               mf_w.l(depilogue.o)
    0x08000ad8   0x08000ad8   0x0000001c   Code   RO         4503    .text               mc_w.l(_chval.o)
    0x08000af4   0x08000af4   0x00000016   Code   RO          654    i.ADC_Cmd           stm32f10x_adc.o
    0x08000b0a   0x08000b0a   0x00000002   PAD
    0x08000b0c   0x08000b0c   0x0000005c   Code   RO          656    i.ADC_DeInit        stm32f10x_adc.o
    0x08000b68   0x08000b68   0x00000014   Code   RO          662    i.ADC_GetCalibrationStatus  stm32f10x_adc.o
    0x08000b7c   0x08000b7c   0x00000008   Code   RO          663    i.ADC_GetConversionValue  stm32f10x_adc.o
    0x08000b84   0x08000b84   0x00000012   Code   RO          665    i.ADC_GetFlagStatus  stm32f10x_adc.o
    0x08000b96   0x08000b96   0x00000014   Code   RO          668    i.ADC_GetResetCalibrationStatus  stm32f10x_adc.o
    0x08000baa   0x08000baa   0x00000002   PAD
    0x08000bac   0x08000bac   0x00000050   Code   RO          672    i.ADC_Init          stm32f10x_adc.o
    0x08000bfc   0x08000bfc   0x000000b8   Code   RO          676    i.ADC_RegularChannelConfig  stm32f10x_adc.o
    0x08000cb4   0x08000cb4   0x0000000a   Code   RO          677    i.ADC_ResetCalibration  stm32f10x_adc.o
    0x08000cbe   0x08000cbe   0x00000016   Code   RO          679    i.ADC_SoftwareStartConvCmd  stm32f10x_adc.o
    0x08000cd4   0x08000cd4   0x0000000a   Code   RO          681    i.ADC_StartCalibration  stm32f10x_adc.o
    0x08000cde   0x08000cde   0x00000002   PAD
    0x08000ce0   0x08000ce0   0x00000024   Code   RO          683    i.ADC_TempSensorVrefintCmd  stm32f10x_adc.o
    0x08000d04   0x08000d04   0x00000004   Code   RO         3748    i.BusFault_Handler  stm32f10x_it.o
    0x08000d08   0x08000d08   0x00000064   Code   RO          377    i.DHT11_Check       dht11.o
    0x08000d6c   0x08000d6c   0x00000040   Code   RO          378    i.DHT11_Init        dht11.o
    0x08000dac   0x08000dac   0x0000004c   Code   RO          379    i.DHT11_Read_Bit    dht11.o
    0x08000df8   0x08000df8   0x0000001e   Code   RO          380    i.DHT11_Read_Byte   dht11.o
    0x08000e16   0x08000e16   0x00000058   Code   RO          381    i.DHT11_Read_Data   dht11.o
    0x08000e6e   0x08000e6e   0x00000002   PAD
    0x08000e70   0x08000e70   0x00000040   Code   RO          382    i.DHT11_Rst         dht11.o
    0x08000eb0   0x08000eb0   0x00000002   Code   RO         3749    i.DebugMon_Handler  stm32f10x_it.o
    0x08000eb2   0x08000eb2   0x00000002   PAD
    0x08000eb4   0x08000eb4   0x0000001c   Code   RO          502    i.ESP8266_Clear     esp8266.o
    0x08000ed0   0x08000ed0   0x00000050   Code   RO          503    i.ESP8266_GetIPD    esp8266.o
    0x08000f20   0x08000f20   0x0000018c   Code   RO          504    i.ESP8266_Init      esp8266.o
    0x080010ac   0x080010ac   0x00000058   Code   RO          505    i.ESP8266_SendCmd   esp8266.o
    0x08001104   0x08001104   0x00000048   Code   RO          506    i.ESP8266_SendData  esp8266.o
    0x0800114c   0x0800114c   0x00000034   Code   RO          507    i.ESP8266_WaitRecive  esp8266.o
    0x08001180   0x08001180   0x00000016   Code   RO         3679    i.GET_Cmd           main.o
    0x08001196   0x08001196   0x00000116   Code   RO         1763    i.GPIO_Init         stm32f10x_gpio.o
    0x080012ac   0x080012ac   0x00000004   Code   RO         1770    i.GPIO_ResetBits    stm32f10x_gpio.o
    0x080012b0   0x080012b0   0x00000004   Code   RO         1771    i.GPIO_SetBits      stm32f10x_gpio.o
    0x080012b4   0x080012b4   0x0000006c   Code   RO          238    i.Get_Adc_Average   adc.o
    0x08001320   0x08001320   0x00000004   Code   RO         3750    i.HardFault_Handler  stm32f10x_it.o
    0x08001324   0x08001324   0x0000004a   Code   RO         3680    i.Hardware_Init     main.o
    0x0800136e   0x0800136e   0x00000002   PAD
    0x08001370   0x08001370   0x00000060   Code   RO           24    i.LED_Init          led.o
    0x080013d0   0x080013d0   0x00000014   Code   RO           26    i.LED_White_ON      led.o
    0x080013e4   0x080013e4   0x0000003c   Code   RO          425    i.Lsens_Get_Val     lsens.o
    0x08001420   0x08001420   0x00000028   Code   RO          426    i.Lsens_Init        lsens.o
    0x08001448   0x08001448   0x0000001c   Code   RO         3871    i.MQTT_DeleteBuffer  mqttkit.o
    0x08001464   0x08001464   0x0000002e   Code   RO         3872    i.MQTT_DumpLength   mqttkit.o
    0x08001492   0x08001492   0x00000058   Code   RO         3873    i.MQTT_NewBuffer    mqttkit.o
    0x080014ea   0x080014ea   0x00000002   PAD
    0x080014ec   0x080014ec   0x0000008c   Code   RO         3874    i.MQTT_PacketCmdResp  mqttkit.o
    0x08001578   0x08001578   0x000002a0   Code   RO         3875    i.MQTT_PacketConnect  mqttkit.o
    0x08001818   0x08001818   0x00000130   Code   RO         3878    i.MQTT_PacketPublish  mqttkit.o
    0x08001948   0x08001948   0x0000005c   Code   RO         3883    i.MQTT_PacketSaveData  mqttkit.o
    0x080019a4   0x080019a4   0x00000046   Code   RO         3886    i.MQTT_ReadLength   mqttkit.o
    0x080019ea   0x080019ea   0x0000008c   Code   RO         3887    i.MQTT_UnPacketCmd  mqttkit.o
    0x08001a76   0x08001a76   0x0000001e   Code   RO         3888    i.MQTT_UnPacketConnectAck  mqttkit.o
    0x08001a94   0x08001a94   0x0000001e   Code   RO         3890    i.MQTT_UnPacketPublishAck  mqttkit.o
    0x08001ab2   0x08001ab2   0x00000002   PAD
    0x08001ab4   0x08001ab4   0x00000074   Code   RO         3894    i.MQTT_UnPacketRecv  mqttkit.o
    0x08001b28   0x08001b28   0x00000004   Code   RO         3751    i.MemManage_Handler  stm32f10x_it.o
    0x08001b2c   0x08001b2c   0x00000002   Code   RO         3752    i.NMI_Handler       stm32f10x_it.o
    0x08001b2e   0x08001b2e   0x0000000c   Code   RO         3605    i.NVIC_Configuration  sys.o
    0x08001b3a   0x08001b3a   0x00000002   PAD
    0x08001b3c   0x08001b3c   0x00000070   Code   RO          612    i.NVIC_Init         misc.o
    0x08001bac   0x08001bac   0x00000014   Code   RO          613    i.NVIC_PriorityGroupConfig  misc.o
    0x08001bc0   0x08001bc0   0x00000238   Code   RO         4039    i.OneNet_DevLink    onenet.o
    0x08001df8   0x08001df8   0x000000f8   Code   RO         4040    i.OneNet_FillBuf    onenet.o
    0x08001ef0   0x08001ef0   0x0000016c   Code   RO         4041    i.OneNet_RevPro     onenet.o
    0x0800205c   0x0800205c   0x000000f8   Code   RO         4042    i.OneNet_SendData   onenet.o
    0x08002154   0x08002154   0x00000002   Code   RO         3753    i.PendSV_Handler    stm32f10x_it.o
    0x08002156   0x08002156   0x00000002   PAD
    0x08002158   0x08002158   0x00000018   Code   RO         2177    i.RCC_ADCCLKConfig  stm32f10x_rcc.o
    0x08002170   0x08002170   0x00000020   Code   RO         2179    i.RCC_APB1PeriphClockCmd  stm32f10x_rcc.o
    0x08002190   0x08002190   0x00000020   Code   RO         2181    i.RCC_APB2PeriphClockCmd  stm32f10x_rcc.o
    0x080021b0   0x080021b0   0x00000020   Code   RO         2182    i.RCC_APB2PeriphResetCmd  stm32f10x_rcc.o
    0x080021d0   0x080021d0   0x000000d4   Code   RO         2189    i.RCC_GetClocksFreq  stm32f10x_rcc.o
    0x080022a4   0x080022a4   0x00000002   Code   RO         3754    i.SVC_Handler       stm32f10x_it.o
    0x080022a6   0x080022a6   0x00000008   Code   RO         3837    i.SetSysClock       system_stm32f10x.o
    0x080022ae   0x080022ae   0x00000002   PAD
    0x080022b0   0x080022b0   0x000000e0   Code   RO         3838    i.SetSysClockTo72   system_stm32f10x.o
    0x08002390   0x08002390   0x00000028   Code   RO          616    i.SysTick_CLKSourceConfig  misc.o
    0x080023b8   0x080023b8   0x00000002   Code   RO         3755    i.SysTick_Handler   stm32f10x_it.o
    0x080023ba   0x080023ba   0x00000002   PAD
    0x080023bc   0x080023bc   0x00000060   Code   RO         3840    i.SystemInit        system_stm32f10x.o
    0x0800241c   0x0800241c   0x00000064   Code   RO          451    i.TIM1_UP_IRQHandler  timer.o
    0x08002480   0x08002480   0x0000003c   Code   RO          452    i.TIM2_IRQHandler   timer.o
    0x080024bc   0x080024bc   0x00000064   Code   RO          454    i.TIM3_IRQHandler   timer.o
    0x08002520   0x08002520   0x00000060   Code   RO          455    i.TIM3_Int_Init     timer.o
    0x08002580   0x08002580   0x00000006   Code   RO         2808    i.TIM_ClearITPendingBit  stm32f10x_tim.o
    0x08002586   0x08002586   0x00000018   Code   RO         2813    i.TIM_Cmd           stm32f10x_tim.o
    0x0800259e   0x0800259e   0x00000022   Code   RO         2834    i.TIM_GetITStatus   stm32f10x_tim.o
    0x080025c0   0x080025c0   0x00000012   Code   RO         2838    i.TIM_ITConfig      stm32f10x_tim.o
    0x080025d2   0x080025d2   0x00000002   PAD
    0x080025d4   0x080025d4   0x000000a4   Code   RO         2884    i.TIM_TimeBaseInit  stm32f10x_tim.o
    0x08002678   0x08002678   0x00000098   Code   RO          239    i.T_Adc_Init        adc.o
    0x08002710   0x08002710   0x00000034   Code   RO          240    i.T_Get_Adc         adc.o
    0x08002744   0x08002744   0x0000001c   Code   RO         3617    i.USART1_IRQHandler  usart.o
    0x08002760   0x08002760   0x0000004c   Code   RO          509    i.USART2_IRQHandler  esp8266.o
    0x080027ac   0x080027ac   0x00000012   Code   RO         3345    i.USART_ClearFlag   stm32f10x_usart.o
    0x080027be   0x080027be   0x00000018   Code   RO         3349    i.USART_Cmd         stm32f10x_usart.o
    0x080027d6   0x080027d6   0x0000001a   Code   RO         3352    i.USART_GetFlagStatus  stm32f10x_usart.o
    0x080027f0   0x080027f0   0x00000054   Code   RO         3353    i.USART_GetITStatus  stm32f10x_usart.o
    0x08002844   0x08002844   0x0000004a   Code   RO         3355    i.USART_ITConfig    stm32f10x_usart.o
    0x0800288e   0x0800288e   0x00000002   PAD
    0x08002890   0x08002890   0x000000d8   Code   RO         3356    i.USART_Init        stm32f10x_usart.o
    0x08002968   0x08002968   0x00000008   Code   RO         3366    i.USART_SendData    stm32f10x_usart.o
    0x08002970   0x08002970   0x00000004   Code   RO         3756    i.UsageFault_Handler  stm32f10x_it.o
    0x08002974   0x08002974   0x000000b0   Code   RO         3618    i.Usart1_Init       usart.o
    0x08002a24   0x08002a24   0x000000ac   Code   RO         3619    i.Usart2_Init       usart.o
    0x08002ad0   0x08002ad0   0x00000048   Code   RO         3621    i.UsartPrintf       usart.o
    0x08002b18   0x08002b18   0x00000032   Code   RO         3622    i.Usart_SendString  usart.o
    0x08002b4a   0x08002b4a   0x00000002   PAD
    0x08002b4c   0x08002b4c   0x00000028   Code   RO         4162    i.__0sprintf$1      mc_w.l(printf1.o)
    0x08002b74   0x08002b74   0x0000002c   Code   RO         4353    i.__0vsnprintf      mc_w.l(printfa.o)
    0x08002ba0   0x08002ba0   0x00000008   Code   RO         4439    i.__aeabi_errno_addr  mc_w.l(errno.o)
    0x08002ba8   0x08002ba8   0x0000000e   Code   RO         4507    i.__scatterload_copy  mc_w.l(handlers.o)
    0x08002bb6   0x08002bb6   0x00000002   Code   RO         4508    i.__scatterload_null  mc_w.l(handlers.o)
    0x08002bb8   0x08002bb8   0x0000000e   Code   RO         4509    i.__scatterload_zeroinit  mc_w.l(handlers.o)
    0x08002bc6   0x08002bc6   0x00000002   PAD
    0x08002bc8   0x08002bc8   0x00000184   Code   RO         4355    i._fp_digits        mc_w.l(printfa.o)
    0x08002d4c   0x08002d4c   0x00000154   Code   RO         4167    i._printf_core      mc_w.l(printf1.o)
    0x08002ea0   0x08002ea0   0x000006dc   Code   RO         4356    i._printf_core      mc_w.l(printfa.o)
    0x0800357c   0x0800357c   0x00000024   Code   RO         4357    i._printf_post_padding  mc_w.l(printfa.o)
    0x080035a0   0x080035a0   0x0000002e   Code   RO         4358    i._printf_pre_padding  mc_w.l(printfa.o)
    0x080035ce   0x080035ce   0x00000016   Code   RO         4359    i._snputc           mc_w.l(printfa.o)
    0x080035e4   0x080035e4   0x0000000a   Code   RO         4169    i._sputc            mc_w.l(printf1.o)
    0x080035ee   0x080035ee   0x00000002   PAD
    0x080035f0   0x080035f0   0x00000044   Code   RO         3579    i.delay_init        delay.o
    0x08003634   0x08003634   0x0000004c   Code   RO         3580    i.delay_ms          delay.o
    0x08003680   0x08003680   0x0000004c   Code   RO         3581    i.delay_us          delay.o
    0x080036cc   0x080036cc   0x00000050   Code   RO         4376    i.free              mc_w.l(malloc.o)
    0x0800371c   0x0800371c   0x00000010   Code   RO         3681    i.main              main.o
    0x0800372c   0x0800372c   0x0000006c   Code   RO         3682    i.main_send_data_show_task  main.o
    0x08003798   0x08003798   0x0000006c   Code   RO         4377    i.malloc            mc_w.l(malloc.o)
    0x08003804   0x08003804   0x00000081   Data   RO         4471    .constdata          mc_w.l(ctype_o.o)
    0x08003885   0x08003885   0x00000003   PAD
    0x08003888   0x08003888   0x00000004   Data   RO         4472    .constdata          mc_w.l(ctype_o.o)
    0x0800388c   0x0800388c   0x00000041   Data   RO         3683    .conststring        main.o
    0x080038cd   0x080038cd   0x00000003   PAD
    0x080038d0   0x080038d0   0x00000020   Data   RO         4505    Region$$Table       anon$$obj.o


    Execution Region RW_IRAM1 (Exec base: 0x20000000, Load base: 0x080038f0, Size: 0x00000748, Max: 0x00005000, ABSOLUTE)

    Exec Addr    Load Addr    Size         Type   Attr      Idx    E Section Name        Object

    0x20000000   0x080038f0   0x00000001   Data   RW          243    .data               adc.o
    0x20000001   0x080038f1   0x00000003   PAD
    0x20000004   0x080038f4   0x00000020   Data   RW          456    .data               timer.o
    0x20000024   0x08003914   0x00000004   Data   RW          511    .data               esp8266.o
    0x20000028   0x08003918   0x00000014   Data   RW         2209    .data               stm32f10x_rcc.o
    0x2000003c   0x0800392c   0x00000004   Data   RW         3582    .data               delay.o
    0x20000040   0x08003930   0x00000014   Data   RW         3841    .data               system_stm32f10x.o
    0x20000054   0x08003944   0x00000004   Data   RW         4437    .data               mc_w.l(mvars.o)
    0x20000058   0x08003948   0x00000004   Data   RW         4438    .data               mc_w.l(mvars.o)
    0x2000005c   0x0800394c   0x00000004   Data   RW         4442    .data               mc_w.l(errno.o)
    0x20000060        -       0x000000c8   Zero   RW          510    .bss                esp8266.o
    0x20000128        -       0x0000001c   Zero   RW         4043    .bss                onenet.o
    0x20000144   0x08003950   0x00000004   PAD
    0x20000148        -       0x00000200   Zero   RW           18    HEAP                startup_stm32f10x_hd.o
    0x20000348        -       0x00000400   Zero   RW           17    STACK               startup_stm32f10x_hd.o


==============================================================================

Image component sizes


      Code (inc. data)   RO Data    RW Data    ZI Data      Debug   Object Name

       312         30          0          1          0     243208   adc.o
         0          0          0          0          0     256040   beep.o
         0          0          0          0          0       4564   core_cm3.o
       220         26          0          4          0       1767   delay.o
       422         32          0          0          0       3916   dht11.o
       792        316          0          4        200       5511   esp8266.o
       116         14          0          0          0       9450   led.o
       100          4          0          0          0       1053   lsens.o
       220         20         65          0          0       1844   main.o
       172         22          0          0          0       2097   misc.o
      1756         28          0          0          0      12657   mqttkit.o
      1428        632          0          0         28       6093   onenet.o
        36          8        304          0       1536        780   startup_stm32f10x_hd.o
       522         30          0          0          0       9269   stm32f10x_adc.o
       286          0          0          0          0       3080   stm32f10x_gpio.o
        26          0          0          0          0       3802   stm32f10x_it.o
       332         44          0         20          0       5630   stm32f10x_rcc.o
       246         42          0          0          0       3618   stm32f10x_tim.o
       450          6          0          0          0       6267   stm32f10x_usart.o
        12          0          0          0          0        465   sys.o
       328         28          0         20          0       2137   system_stm32f10x.o
       356         54          0         32          0       2793   timer.o
       498         24          0          0          0       4437   usart.o

    ----------------------------------------------------------------------
      8660       1360        404         84       1768     590478   Object Totals
         0          0         32          0          0          0   (incl. Generated)
        30          0          3          3          4          0   (incl. Padding)

    ----------------------------------------------------------------------

      Code (inc. data)   RO Data    RW Data    ZI Data      Debug   Library Member Name

        28          0          0          0          0         68   _chval.o
       158          0          0          0          0         92   _strtoul.o
        26          0          0          0          0         80   atoi.o
         8          4        133          0          0         68   ctype_o.o
         0          0          0          0          0          0   entry.o
         0          0          0          0          0          0   entry10a.o
         0          0          0          0          0          0   entry11a.o
         8          4          0          0          0          0   entry2.o
         4          0          0          0          0          0   entry5.o
         0          0          0          0          0          0   entry7b.o
         0          0          0          0          0          0   entry8b.o
         8          4          0          0          0          0   entry9a.o
         8          4          0          4          0         68   errno.o
        30          0          0          0          0          0   handlers.o
        36          8          0          0          0         68   init.o
         0          0          0          0          0          0   iusefp.o
        30          0          0          0          0         68   llshl.o
        36          0          0          0          0         68   llsshr.o
        32          0          0          0          0         68   llushr.o
       188         20          0          0          0        160   malloc.o
        36          0          0          0          0         68   memcpya.o
        36          0          0          0          0        108   memseta.o
         0          0          0          8          0          0   mvars.o
       390         10          0          0          0        252   printf1.o
      2292         84          0          0          0        516   printfa.o
        24          0          0          0          0         68   strcat.o
        20          0          0          0          0         68   strchr.o
        14          0          0          0          0         68   strlen.o
        40          0          0          0          0         76   strncat.o
        36          0          0          0          0         80   strstr.o
       112          0          0          0          0         88   strtol.o
        44          0          0          0          0         80   uidiv.o
        98          0          0          0          0         92   uldiv.o
        48          0          0          0          0         68   cdrcmple.o
       334          0          0          0          0        148   dadd.o
       222          0          0          0          0        100   ddiv.o
       186          0          0          0          0        176   depilogue.o
        48          0          0          0          0         68   dfixul.o
       228          0          0          0          0         96   dmul.o
       176          0          0          0          0        140   fadd.o
       124          0          0          0          0         88   fdiv.o
       110          0          0          0          0        168   fepilogue.o
        40          0          0          0          0         68   ffixui.o
        10          0          0          0          0         68   ffltui.o
       100          0          0          0          0         76   fmul.o

    ----------------------------------------------------------------------
      5376        138        136         12          0       3636   Library Totals
         8          0          3          0          0          0   (incl. Padding)

    ----------------------------------------------------------------------

      Code (inc. data)   RO Data    RW Data    ZI Data      Debug   Library Name

      3742        138        133         12          0       2372   mc_w.l
      1626          0          0          0          0       1264   mf_w.l

    ----------------------------------------------------------------------
      5376        138        136         12          0       3636   Library Totals

    ----------------------------------------------------------------------

==============================================================================


      Code (inc. data)   RO Data    RW Data    ZI Data      Debug   

     14036       1498        540         96       1768     587246   Grand Totals
     14036       1498        540         96       1768     587246   ELF Image Totals
     14036       1498        540         96          0          0   ROM Totals

==============================================================================

    Total RO  Size (Code + RO Data)                14576 (  14.23kB)
    Total RW  Size (RW Data + ZI Data)              1864 (   1.82kB)
    Total ROM Size (Code + RO Data + RW Data)      14672 (  14.33kB)

==============================================================================

